Component: ARM Compiler 5.06 update 7 (build 960) Tool: armlink [4d3601]

==============================================================================

Section Cross References

    startup_stm32f334x8.o(RESET) refers to startup_stm32f334x8.o(STACK) for __initial_sp
    startup_stm32f334x8.o(RESET) refers to startup_stm32f334x8.o(.text) for Reset_Handler
    startup_stm32f334x8.o(RESET) refers to stm32f3xx_it.o(i.NMI_Handler) for NMI_Handler
    startup_stm32f334x8.o(RESET) refers to stm32f3xx_it.o(i.HardFault_Handler) for HardFault_Handler
    startup_stm32f334x8.o(RESET) refers to stm32f3xx_it.o(i.MemManage_Handler) for MemManage_Handler
    startup_stm32f334x8.o(RESET) refers to stm32f3xx_it.o(i.BusFault_Handler) for BusFault_Handler
    startup_stm32f334x8.o(RESET) refers to stm32f3xx_it.o(i.UsageFault_Handler) for UsageFault_Handler
    startup_stm32f334x8.o(RESET) refers to stm32f3xx_it.o(i.SVC_Handler) for SVC_Handler
    startup_stm32f334x8.o(RESET) refers to stm32f3xx_it.o(i.DebugMon_Handler) for DebugMon_Handler
    startup_stm32f334x8.o(RESET) refers to stm32f3xx_it.o(i.PendSV_Handler) for PendSV_Handler
    startup_stm32f334x8.o(RESET) refers to stm32f3xx_it.o(i.SysTick_Handler) for SysTick_Handler
    startup_stm32f334x8.o(RESET) refers to stm32f3xx_it.o(i.DMA1_Channel1_IRQHandler) for DMA1_Channel1_IRQHandler
    startup_stm32f334x8.o(RESET) refers to stm32f3xx_it.o(i.DMA1_Channel6_IRQHandler) for DMA1_Channel6_IRQHandler
    startup_stm32f334x8.o(RESET) refers to stm32f3xx_it.o(i.DMA1_Channel7_IRQHandler) for DMA1_Channel7_IRQHandler
    startup_stm32f334x8.o(RESET) refers to stm32f3xx_it.o(i.TIM3_IRQHandler) for TIM3_IRQHandler
    startup_stm32f334x8.o(RESET) refers to stm32f3xx_it.o(i.USART2_IRQHandler) for USART2_IRQHandler
    startup_stm32f334x8.o(.text) refers to system_stm32f3xx.o(i.SystemInit) for SystemInit
    startup_stm32f334x8.o(.text) refers to entry.o(.ARM.Collect$$$$00000000) for __main
    serial.o(i.CUST_UART_IdleCallback) refers to serial.o(i.Serial_RX) for Serial_RX
    serial.o(i.CUST_UART_IdleCallback) refers to stm32f3xx_hal_uart_ex.o(i.HAL_UARTEx_ReceiveToIdle_DMA) for HAL_UARTEx_ReceiveToIdle_DMA
    serial.o(i.CUST_UART_IdleCallback) refers to serial.o(.data) for .data
    serial.o(i.Serial_RX) refers to serial.o(.data) for .data
    serial.o(i.Serial_RX) refers to serial.o(.bss) for .bss
    main.o(i.HAL_TIM_PeriodElapsedCallback) refers to stm32f3xx_hal_gpio.o(i.HAL_GPIO_WritePin) for HAL_GPIO_WritePin
    main.o(i.HAL_TIM_PeriodElapsedCallback) refers to dfltui.o(.text) for __aeabi_ui2d
    main.o(i.HAL_TIM_PeriodElapsedCallback) refers to dmul.o(.text) for __aeabi_dmul
    main.o(i.HAL_TIM_PeriodElapsedCallback) refers to dadd.o(.text) for __aeabi_dadd
    main.o(i.HAL_TIM_PeriodElapsedCallback) refers to d2f.o(.text) for __aeabi_d2f
    main.o(i.HAL_TIM_PeriodElapsedCallback) refers to f2d.o(.text) for __aeabi_f2d
    main.o(i.HAL_TIM_PeriodElapsedCallback) refers to pid.o(i.PID_Calc) for PID_Calc
    main.o(i.HAL_TIM_PeriodElapsedCallback) refers to stm32f3xx_hal_uart.o(i.HAL_UART_Transmit_DMA) for HAL_UART_Transmit_DMA
    main.o(i.HAL_TIM_PeriodElapsedCallback) refers to main.o(.data) for .data
    main.o(i.HAL_TIM_PeriodElapsedCallback) refers to main.o(.bss) for .bss
    main.o(i.HAL_TIM_PeriodElapsedCallback) refers to serial.o(.bss) for RX_Addr
    main.o(i.HAL_TIM_PeriodElapsedCallback) refers to serial.o(.data) for Serial_TX_Buffer
    main.o(i.HAL_TIM_PeriodElapsedCallback) refers to usart.o(.bss) for huart2
    main.o(i.SystemClock_Config) refers to memseta.o(.text) for __aeabi_memclr4
    main.o(i.SystemClock_Config) refers to stm32f3xx_hal_rcc.o(i.HAL_RCC_OscConfig) for HAL_RCC_OscConfig
    main.o(i.SystemClock_Config) refers to stm32f3xx_hal_rcc.o(i.HAL_RCC_ClockConfig) for HAL_RCC_ClockConfig
    main.o(i.SystemClock_Config) refers to stm32f3xx_hal_rcc_ex.o(i.HAL_RCCEx_PeriphCLKConfig) for HAL_RCCEx_PeriphCLKConfig
    main.o(i.main) refers to stm32f3xx_hal.o(i.HAL_Init) for HAL_Init
    main.o(i.main) refers to main.o(i.SystemClock_Config) for SystemClock_Config
    main.o(i.main) refers to gpio.o(i.MX_GPIO_Init) for MX_GPIO_Init
    main.o(i.main) refers to dma.o(i.MX_DMA_Init) for MX_DMA_Init
    main.o(i.main) refers to hrtim.o(i.MX_HRTIM1_Init) for MX_HRTIM1_Init
    main.o(i.main) refers to adc.o(i.MX_ADC1_Init) for MX_ADC1_Init
    main.o(i.main) refers to tim.o(i.MX_TIM3_Init) for MX_TIM3_Init
    main.o(i.main) refers to usart.o(i.MX_USART2_UART_Init) for MX_USART2_UART_Init
    main.o(i.main) refers to stm32f3xx_hal_adc_ex.o(i.HAL_ADCEx_Calibration_Start) for HAL_ADCEx_Calibration_Start
    main.o(i.main) refers to stm32f3xx_hal.o(i.HAL_Delay) for HAL_Delay
    main.o(i.main) refers to stm32f3xx_hal_adc_ex.o(i.HAL_ADC_Start_DMA) for HAL_ADC_Start_DMA
    main.o(i.main) refers to stm32f3xx_hal_uart_ex.o(i.HAL_UARTEx_ReceiveToIdle_DMA) for HAL_UARTEx_ReceiveToIdle_DMA
[...]
    Removing stm32f3xx_hal_tim.o(i.HAL_TIM_PWM_Start), (228 bytes).
    Removing stm32f3xx_hal_tim.o(i.HAL_TIM_PWM_Start_DMA), (484 bytes).
    Removing stm32f3xx_hal_tim.o(i.HAL_TIM_PWM_Start_IT), (272 bytes).
    Removing stm32f3xx_hal_tim.o(i.HAL_TIM_PWM_Stop), (164 bytes).
    Removing stm32f3xx_hal_tim.o(i.HAL_TIM_PWM_Stop_DMA), (244 bytes).
    Removing stm32f3xx_hal_tim.o(i.HAL_TIM_PWM_Stop_IT), (228 bytes).
    Removing stm32f3xx_hal_tim.o(i.HAL_TIM_PeriodElapsedCallback), (2 bytes).
    Removing stm32f3xx_hal_tim.o(i.HAL_TIM_PeriodElapsedHalfCpltCallback), (2 bytes).
    Removing stm32f3xx_hal_tim.o(i.HAL_TIM_ReadCapturedValue), (42 bytes).
    Removing stm32f3xx_hal_tim.o(i.HAL_TIM_SlaveConfigSynchro), (86 bytes).
    Removing stm32f3xx_hal_tim.o(i.HAL_TIM_SlaveConfigSynchro_IT), (86 bytes).
    Removing stm32f3xx_hal_tim.o(i.HAL_TIM_TriggerHalfCpltCallback), (2 bytes).
    Removing stm32f3xx_hal_tim.o(i.TIM_CCxChannelCmd), (26 bytes).
    Removing stm32f3xx_hal_tim.o(i.TIM_DMACaptureCplt), (110 bytes).
    Removing stm32f3xx_hal_tim.o(i.TIM_DMACaptureHalfCplt), (56 bytes).
    Removing stm32f3xx_hal_tim.o(i.TIM_DMADelayPulseCplt), (94 bytes).
    Removing stm32f3xx_hal_tim.o(i.TIM_DMADelayPulseHalfCplt), (56 bytes).
    Removing stm32f3xx_hal_tim.o(i.TIM_DMAError), (84 bytes).
    Removing stm32f3xx_hal_tim.o(i.TIM_DMAPeriodElapsedCplt), (22 bytes).
    Removing stm32f3xx_hal_tim.o(i.TIM_DMAPeriodElapsedHalfCplt), (10 bytes).
    Removing stm32f3xx_hal_tim.o(i.TIM_DMATriggerCplt), (22 bytes).
    Removing stm32f3xx_hal_tim.o(i.TIM_DMATriggerHalfCplt), (10 bytes).
    Removing stm32f3xx_hal_tim.o(i.TIM_OC1_SetConfig), (136 bytes).
    Removing stm32f3xx_hal_tim.o(i.TIM_OC2_SetConfig), (128 bytes).
    Removing stm32f3xx_hal_tim.o(i.TIM_OC3_SetConfig), (128 bytes).
    Removing stm32f3xx_hal_tim.o(i.TIM_OC4_SetConfig), (108 bytes).
    Removing stm32f3xx_hal_tim.o(i.TIM_OC5_SetConfig), (100 bytes).
    Removing stm32f3xx_hal_tim.o(i.TIM_OC6_SetConfig), (104 bytes).
    Removing stm32f3xx_hal_tim.o(i.TIM_SlaveTimer_SetConfig), (144 bytes).
    Removing stm32f3xx_hal_tim.o(i.TIM_TI1_SetConfig), (88 bytes).
    Removing stm32f3xx_hal_tim.o(i.TIM_TI2_SetConfig), (54 bytes).
    Removing stm32f3xx_hal_tim_ex.o(.rev16_text), (4 bytes).
    Removing stm32f3xx_hal_tim_ex.o(.revsh_text), (4 bytes).
    Removing stm32f3xx_hal_tim_ex.o(.rrx_text), (6 bytes).
    Removing stm32f3xx_hal_tim_ex.o(i.HAL_TIMEx_CommutHalfCpltCallback), (2 bytes).
    Removing stm32f3xx_hal_tim_ex.o(i.HAL_TIMEx_ConfigBreakDeadTime), (132 bytes).
    Removing stm32f3xx_hal_tim_ex.o(i.HAL_TIMEx_ConfigCommutEvent), (112 bytes).
    Removing stm32f3xx_hal_tim_ex.o(i.HAL_TIMEx_ConfigCommutEvent_DMA), (144 bytes).
    Removing stm32f3xx_hal_tim_ex.o(i.HAL_TIMEx_ConfigCommutEvent_IT), (112 bytes).
    Removing stm32f3xx_hal_tim_ex.o(i.HAL_TIMEx_GetChannelNState), (34 bytes).
    Removing stm32f3xx_hal_tim_ex.o(i.HAL_TIMEx_GroupChannel5), (56 bytes).
    Removing stm32f3xx_hal_tim_ex.o(i.HAL_TIMEx_HallSensor_DeInit), (76 bytes).
    Removing stm32f3xx_hal_tim_ex.o(i.HAL_TIMEx_HallSensor_GetState), (6 bytes).
    Removing stm32f3xx_hal_tim_ex.o(i.HAL_TIMEx_HallSensor_Init), (212 bytes).
    Removing stm32f3xx_hal_tim_ex.o(i.HAL_TIMEx_HallSensor_MspDeInit), (2 bytes).
    Removing stm32f3xx_hal_tim_ex.o(i.HAL_TIMEx_HallSensor_MspInit), (2 bytes).
    Removing stm32f3xx_hal_tim_ex.o(i.HAL_TIMEx_HallSensor_Start), (140 bytes).
    Removing stm32f3xx_hal_tim_ex.o(i.HAL_TIMEx_HallSensor_Start_DMA), (192 bytes).
    Removing stm32f3xx_hal_tim_ex.o(i.HAL_TIMEx_HallSensor_Start_IT), (148 bytes).
    Removing stm32f3xx_hal_tim_ex.o(i.HAL_TIMEx_HallSensor_Stop), (58 bytes).
    Removing stm32f3xx_hal_tim_ex.o(i.HAL_TIMEx_HallSensor_Stop_DMA), (70 bytes).
    Removing stm32f3xx_hal_tim_ex.o(i.HAL_TIMEx_HallSensor_Stop_IT), (68 bytes).
    Removing stm32f3xx_hal_tim_ex.o(i.HAL_TIMEx_OCN_Start), (164 bytes).
    Removing stm32f3xx_hal_tim_ex.o(i.HAL_TIMEx_OCN_Start_DMA), (360 bytes).
    Removing stm32f3xx_hal_tim_ex.o(i.HAL_TIMEx_OCN_Start_IT), (204 bytes).
    Removing stm32f3xx_hal_tim_ex.o(i.HAL_TIMEx_OCN_Stop), (104 bytes).
    Removing stm32f3xx_hal_tim_ex.o(i.HAL_TIMEx_OCN_Stop_DMA), (168 bytes).
    Removing stm32f3xx_hal_tim_ex.o(i.HAL_TIMEx_OCN_Stop_IT), (170 bytes).
    Removing stm32f3xx_hal_tim_ex.o(i.HAL_TIMEx_OnePulseN_Start), (100 bytes).
    Removing stm32f3xx_hal_tim_ex.o(i.HAL_TIMEx_OnePulseN_Start_IT), (120 bytes).
    Removing stm32f3xx_hal_tim_ex.o(i.HAL_TIMEx_OnePulseN_Stop), (98 bytes).
    Removing stm32f3xx_hal_tim_ex.o(i.HAL_TIMEx_OnePulseN_Stop_IT), (120 bytes).
    Removing stm32f3xx_hal_tim_ex.o(i.HAL_TIMEx_PWMN_Start), (164 bytes).
    Removing stm32f3xx_hal_tim_ex.o(i.HAL_TIMEx_PWMN_Start_DMA), (360 bytes).
    Removing stm32f3xx_hal_tim_ex.o(i.HAL_TIMEx_PWMN_Start_IT), (204 bytes).
    Removing stm32f3xx_hal_tim_ex.o(i.HAL_TIMEx_PWMN_Stop), (104 bytes).
    Removing stm32f3xx_hal_tim_ex.o(i.HAL_TIMEx_PWMN_Stop_DMA), (168 bytes).
    Removing stm32f3xx_hal_tim_ex.o(i.HAL_TIMEx_PWMN_Stop_IT), (170 bytes).
    Removing stm32f3xx_hal_tim_ex.o(i.HAL_TIMEx_RemapConfig), (28 bytes).
    Removing stm32f3xx_hal_tim_ex.o(i.TIMEx_DMACommutationCplt), (16 bytes).
    Removing stm32f3xx_hal_tim_ex.o(i.TIMEx_DMACommutationHalfCplt), (16 bytes).
    Removing stm32f3xx_hal_tim_ex.o(i.TIM_CCxNChannelCmd), (26 bytes).
    Removing stm32f3xx_hal_tim_ex.o(i.TIM_DMADelayPulseNCplt), (74 bytes).
    Removing stm32f3xx_hal_tim_ex.o(i.TIM_DMAErrorCCxN), (62 bytes).
    Removing stm32f3xx_hal_uart.o(.rev16_text), (4 bytes).
    Removing stm32f3xx_hal_uart.o(.revsh_text), (4 bytes).
    Removing stm32f3xx_hal_uart.o(.rrx_text), (6 bytes).
    Removing stm32f3xx_hal_uart.o(i.HAL_HalfDuplex_EnableReceiver), (72 bytes).
    Removing stm32f3xx_hal_uart.o(i.HAL_HalfDuplex_EnableTransmitter), (72 bytes).
    Removing stm32f3xx_hal_uart.o(i.HAL_HalfDuplex_Init), (112 bytes).
    Removing stm32f3xx_hal_uart.o(i.HAL_LIN_Init), (136 bytes).
    Removing stm32f3xx_hal_uart.o(i.HAL_LIN_SendBreak), (46 bytes).
    Removing stm32f3xx_hal_uart.o(i.HAL_MultiProcessor_DisableMuteMode), (48 bytes).
    Removing stm32f3xx_hal_uart.o(i.HAL_MultiProcessor_EnableMuteMode), (48 bytes).
    Removing stm32f3xx_hal_uart.o(i.HAL_MultiProcessor_EnterMuteMode), (12 bytes).
    Removing stm32f3xx_hal_uart.o(i.HAL_MultiProcessor_Init), (134 bytes).
    Removing stm32f3xx_hal_uart.o(i.HAL_UART_Abort), (228 bytes).
    Removing stm32f3xx_hal_uart.o(i.HAL_UART_AbortCpltCallback), (2 bytes).
    Removing stm32f3xx_hal_uart.o(i.HAL_UART_AbortReceive), (164 bytes).
    Removing stm32f3xx_hal_uart.o(i.HAL_UART_AbortReceiveCpltCallback), (2 bytes).
    Removing stm32f3xx_hal_uart.o(i.HAL_UART_AbortReceive_IT), (184 bytes).
    Removing stm32f3xx_hal_uart.o(i.HAL_UART_AbortTransmit), (98 bytes).
    Removing stm32f3xx_hal_uart.o(i.HAL_UART_AbortTransmitCpltCallback), (2 bytes).
    Removing stm32f3xx_hal_uart.o(i.HAL_UART_AbortTransmit_IT), (104 bytes).
    Removing stm32f3xx_hal_uart.o(i.HAL_UART_Abort_IT), (264 bytes).
    Removing stm32f3xx_hal_uart.o(i.HAL_UART_DMAPause), (114 bytes).
    Removing stm32f3xx_hal_uart.o(i.HAL_UART_DMAResume), (106 bytes).
    Removing stm32f3xx_hal_uart.o(i.HAL_UART_DMAStop), (142 bytes).
    Removing stm32f3xx_hal_uart.o(i.HAL_UART_DeInit), (66 bytes).
    Removing stm32f3xx_hal_uart.o(i.HAL_UART_DisableReceiverTimeout), (52 bytes).
    Removing stm32f3xx_hal_uart.o(i.HAL_UART_EnableReceiverTimeout), (52 bytes).
    Removing stm32f3xx_hal_uart.o(i.HAL_UART_GetError), (6 bytes).
    Removing stm32f3xx_hal_uart.o(i.HAL_UART_GetState), (12 bytes).
    Removing stm32f3xx_hal_uart.o(i.HAL_UART_MspDeInit), (2 bytes).
    Removing stm32f3xx_hal_uart.o(i.HAL_UART_MspInit), (2 bytes).
    Removing stm32f3xx_hal_uart.o(i.HAL_UART_Receive), (232 bytes).
    Removing stm32f3xx_hal_uart.o(i.HAL_UART_Receive_DMA), (60 bytes).
    Removing stm32f3xx_hal_uart.o(i.HAL_UART_Receive_IT), (60 bytes).
    Removing stm32f3xx_hal_uart.o(i.HAL_UART_ReceiverTimeout_Config), (14 bytes).
    Removing stm32f3xx_hal_uart.o(i.HAL_UART_Transmit), (164 bytes).
    Removing stm32f3xx_hal_uart.o(i.HAL_UART_Transmit_IT), (92 bytes).
    Removing stm32f3xx_hal_uart.o(i.UART_DMARxAbortCallback), (64 bytes).
    Removing stm32f3xx_hal_uart.o(i.UART_DMARxOnlyAbortCallback), (40 bytes).
    Removing stm32f3xx_hal_uart.o(i.UART_DMATxAbortCallback), (54 bytes).
    Removing stm32f3xx_hal_uart.o(i.UART_DMATxOnlyAbortCallback), (20 bytes).
    Removing stm32f3xx_hal_uart.o(i.UART_RxISR_16BIT), (190 bytes).
    Removing stm32f3xx_hal_uart.o(i.UART_RxISR_8BIT), (190 bytes).
    Removing stm32f3xx_hal_uart.o(i.UART_Start_Receive_IT), (184 bytes).
    Removing stm32f3xx_hal_uart.o(i.UART_TxISR_16BIT), (80 bytes).
    Removing stm32f3xx_hal_uart.o(i.UART_TxISR_8BIT), (76 bytes).
    Removing stm32f3xx_hal_uart_ex.o(.rev16_text), (4 bytes).
    Removing stm32f3xx_hal_uart_ex.o(.revsh_text), (4 bytes).
    Removing stm32f3xx_hal_uart_ex.o(.rrx_text), (6 bytes).
    Removing stm32f3xx_hal_uart_ex.o(i.HAL_MultiProcessorEx_AddressLength_Set), (46 bytes).
    Removing stm32f3xx_hal_uart_ex.o(i.HAL_RS485Ex_Init), (136 bytes).
    Removing stm32f3xx_hal_uart_ex.o(i.HAL_UARTEx_DisableStopMode), (46 bytes).
    Removing stm32f3xx_hal_uart_ex.o(i.HAL_UARTEx_EnableStopMode), (46 bytes).
    Removing stm32f3xx_hal_uart_ex.o(i.HAL_UARTEx_GetRxEventType), (4 bytes).
    Removing stm32f3xx_hal_uart_ex.o(i.HAL_UARTEx_ReceiveToIdle), (296 bytes).
    Removing stm32f3xx_hal_uart_ex.o(i.HAL_UARTEx_ReceiveToIdle_IT), (78 bytes).
    Removing stm32f3xx_hal_uart_ex.o(i.HAL_UARTEx_StopModeWakeUpSourceConfig), (134 bytes).
    Removing system_stm32f3xx.o(.rev16_text), (4 bytes).
    Removing system_stm32f3xx.o(.revsh_text), (4 bytes).
    Removing system_stm32f3xx.o(.rrx_text), (6 bytes).
    Removing system_stm32f3xx.o(i.SystemCoreClockUpdate), (112 bytes).

659 unused section(s) (total 59596 bytes) removed from the image.

==============================================================================

Image Symbol Table

    Local Symbols

    Symbol Name                              Value     Ov Type        Size  Object(Section)

    ../Core/Src/adc.c                        0x00000000   Number         0  adc.o ABSOLUTE
    ../Core/Src/dma.c                        0x00000000   Number         0  dma.o ABSOLUTE
    ../Core/Src/gpio.c                       0x00000000   Number         0  gpio.o ABSOLUTE
    ../Core/Src/hrtim.c                      0x00000000   Number         0  hrtim.o ABSOLUTE
    ../Core/Src/main.c                       0x00000000   Number         0  main.o ABSOLUTE
    ../Core/Src/stm32f3xx_hal_msp.c          0x00000000   Number         0  stm32f3xx_hal_msp.o ABSOLUTE
    ../Core/Src/stm32f3xx_it.c               0x00000000   Number         0  stm32f3xx_it.o ABSOLUTE
    ../Core/Src/system_stm32f3xx.c           0x00000000   Number         0  system_stm32f3xx.o ABSOLUTE
    ../Core/Src/tim.c                        0x00000000   Number         0  tim.o ABSOLUTE
    ../Core/Src/usart.c                      0x00000000   Number         0  usart.o ABSOLUTE
    ../Drivers/STM32F3xx_HAL_Driver/Src/stm32f3xx_hal.c 0x00000000   Number         0  stm32f3xx_hal.o ABSOLUTE
    ../Drivers/STM32F3xx_HAL_Driver/Src/stm32f3xx_hal_adc.c 0x00000000   Number         0  stm32f3xx_hal_adc.o ABSOLUTE
    ../Drivers/STM32F3xx_HAL_Driver/Src/stm32f3xx_hal_adc_ex.c 0x00000000   Number         0  stm32f3xx_hal_adc_ex.o ABSOLUTE
    ../Drivers/STM32F3xx_HAL_Driver/Src/stm32f3xx_hal_cortex.c 0x00000000   Number         0  stm32f3xx_hal_cortex.o ABSOLUTE
    ../Drivers/STM32F3xx_HAL_Driver/Src/stm32f3xx_hal_dma.c 0x00000000   Number         0  stm32f3xx_hal_dma.o ABSOLUTE
    ../Drivers/STM32F3xx_HAL_Driver/Src/stm32f3xx_hal_exti.c 0x00000000   Number         0  stm32f3xx_hal_exti.o ABSOLUTE
    ../Drivers/STM32F3xx_HAL_Driver/Src/stm32f3xx_hal_flash.c 0x00000000   Number         0  stm32f3xx_hal_flash.o ABSOLUTE
    ../Drivers/STM32F3xx_HAL_Driver/Src/stm32f3xx_hal_flash_ex.c 0x00000000   Number         0  stm32f3xx_hal_flash_ex.o ABSOLUTE
    ../Drivers/STM32F3xx_HAL_Driver/Src/stm32f3xx_hal_gpio.c 0x00000000   Number         0  stm32f3xx_hal_gpio.o ABSOLUTE
    ../Drivers/STM32F3xx_HAL_Driver/Src/stm32f3xx_hal_hrtim.c 0x00000000   Number         0  stm32f3xx_hal_hrtim.o ABSOLUTE
    ../Drivers/STM32F3xx_HAL_Driver/Src/stm32f3xx_hal_i2c.c 0x00000000   Number         0  stm32f3xx_hal_i2c.o ABSOLUTE
    ../Drivers/STM32F3xx_HAL_Driver/Src/stm32f3xx_hal_i2c_ex.c 0x00000000   Number         0  stm32f3xx_hal_i2c_ex.o ABSOLUTE
    ../Drivers/STM32F3xx_HAL_Driver/Src/stm32f3xx_hal_pwr.c 0x00000000   Number         0  stm32f3xx_hal_pwr.o ABSOLUTE
    ../Drivers/STM32F3xx_HAL_Driver/Src/stm32f3xx_hal_pwr_ex.c 0x00000000   Number         0  stm32f3xx_hal_pwr_ex.o ABSOLUTE
    ../Drivers/STM32F3xx_HAL_Driver/Src/stm32f3xx_hal_rcc.c 0x00000000   Number         0  stm32f3xx_hal_rcc.o ABSOLUTE
    ../Drivers/STM32F3xx_HAL_Driver/Src/stm32f3xx_hal_rcc_ex.c 0x00000000   Number         0  stm32f3xx_hal_rcc_ex.o ABSOLUTE
    ../Drivers/STM32F3xx_HAL_Driver/Src/stm32f3xx_hal_tim.c 0x00000000   Number         0  stm32f3xx_hal_tim.o ABSOLUTE
    ../Drivers/STM32F3xx_HAL_Driver/Src/stm32f3xx_hal_tim_ex.c 0x00000000   Number         0  stm32f3xx_hal_tim_ex.o ABSOLUTE
    ../Drivers/STM32F3xx_HAL_Driver/Src/stm32f3xx_hal_uart.c 0x00000000   Number         0  stm32f3xx_hal_uart.o ABSOLUTE
    ../Drivers/STM32F3xx_HAL_Driver/Src/stm32f3xx_hal_uart_ex.c 0x00000000   Number         0  stm32f3xx_hal_uart_ex.o ABSOLUTE
    ../clib/microlib/division.c              0x00000000   Number         0  uldiv.o ABSOLUTE
    ../clib/microlib/init/entry.s            0x00000000   Number         0  entry10b.o ABSOLUTE
    ../clib/microlib/init/entry.s            0x00000000   Number         0  entry10a.o ABSOLUTE
    ../clib/microlib/init/entry.s            0x00000000   Number         0  entry9b.o ABSOLUTE
    ../clib/microlib/init/entry.s            0x00000000   Number         0  entry9a.o ABSOLUTE
    ../clib/microlib/init/entry.s            0x00000000   Number         0  entry8b.o ABSOLUTE
    ../clib/microlib/init/entry.s            0x00000000   Number         0  entry8a.o ABSOLUTE
    ../clib/microlib/init/entry.s            0x00000000   Number         0  entry11a.o ABSOLUTE
    ../clib/microlib/init/entry.s            0x00000000   Number         0  entry2.o ABSOLUTE
    ../clib/microlib/init/entry.s            0x00000000   Number         0  entry11b.o ABSOLUTE
    ../clib/microlib/init/entry.s            0x00000000   Number         0  entry12a.o ABSOLUTE
    ../clib/microlib/init/entry.s            0x00000000   Number         0  entry7b.o ABSOLUTE
    ../clib/microlib/init/entry.s            0x00000000   Number         0  entry12b.o ABSOLUTE
    ../clib/microlib/init/entry.s            0x00000000   Number         0  entry7a.o ABSOLUTE
    ../clib/microlib/init/entry.s            0x00000000   Number         0  entry.o ABSOLUTE
    ../clib/microlib/init/entry.s            0x00000000   Number         0  entry5.o ABSOLUTE
    ../clib/microlib/longlong.c              0x00000000   Number         0  llshl.o ABSOLUTE
    ../clib/microlib/longlong.c              0x00000000   Number         0  llsshr.o ABSOLUTE
    ../clib/microlib/longlong.c              0x00000000   Number         0  llushr.o ABSOLUTE
    ../clib/microlib/string/memset.c         0x00000000   Number         0  memseta.o ABSOLUTE
    ../clib/microlib/stubs.s                 0x00000000   Number         0  iusefp.o ABSOLUTE
    ../fplib/microlib/d2f.c                  0x00000000   Number         0  d2f.o ABSOLUTE
    ../fplib/microlib/f2d.c                  0x00000000   Number         0  f2d.o ABSOLUTE
    ../fplib/microlib/fpadd.c                0x00000000   Number         0  dadd.o ABSOLUTE
    ../fplib/microlib/fpepilogue.c           0x00000000   Number         0  depilogue.o ABSOLUTE
    ../fplib/microlib/fpepilogue.c           0x00000000   Number         0  fepilogue.o ABSOLUTE
    ../fplib/microlib/fpflt.c                0x00000000   Number         0  dfltui.o ABSOLUTE
    ../fplib/microlib/fpmul.c                0x00000000   Number         0  dmul.o ABSOLUTE
    ..\Core\Src\PID.c                        0x00000000   Number         0  pid.o ABSOLUTE
    ..\Core\Src\Serial.c                     0x00000000   Number         0  serial.o ABSOLUTE
    ..\Core\Src\adc.c                        0x00000000   Number         0  adc.o ABSOLUTE
    ..\Core\Src\dma.c                        0x00000000   Number         0  dma.o ABSOLUTE
    ..\Core\Src\gpio.c                       0x00000000   Number         0  gpio.o ABSOLUTE
    ..\Core\Src\hrtim.c                      0x00000000   Number         0  hrtim.o ABSOLUTE
    ..\Core\Src\main.c                       0x00000000   Number         0  main.o ABSOLUTE
    ..\Core\Src\stm32f3xx_hal_msp.c          0x00000000   Number         0  stm32f3xx_hal_msp.o ABSOLUTE
    ..\Core\Src\stm32f3xx_it.c               0x00000000   Number         0  stm32f3xx_it.o ABSOLUTE
    ..\Core\Src\system_stm32f3xx.c           0x00000000   Number         0  system_stm32f3xx.o ABSOLUTE
    ..\Core\Src\tim.c                        0x00000000   Number         0  tim.o ABSOLUTE
    ..\Core\Src\usart.c                      0x00000000   Number         0  usart.o ABSOLUTE
    ..\Drivers\STM32F3xx_HAL_Driver\Src\stm32f3xx_hal.c 0x00000000   Number         0  stm32f3xx_hal.o ABSOLUTE
    ..\Drivers\STM32F3xx_HAL_Driver\Src\stm32f3xx_hal_adc.c 0x00000000   Number         0  stm32f3xx_hal_adc.o ABSOLUTE
    ..\Drivers\STM32F3xx_HAL_Driver\Src\stm32f3xx_hal_adc_ex.c 0x00000000   Number         0  stm32f3xx_hal_adc_ex.o ABSOLUTE
    ..\Drivers\STM32F3xx_HAL_Driver\Src\stm32f3xx_hal_cortex.c 0x00000000   Number         0  stm32f3xx_hal_cortex.o ABSOLUTE
    ..\Drivers\STM32F3xx_HAL_Driver\Src\stm32f3xx_hal_dma.c 0x00000000   Number         0  stm32f3xx_hal_dma.o ABSOLUTE
    ..\Drivers\STM32F3xx_HAL_Driver\Src\stm32f3xx_hal_exti.c 0x00000000   Number         0  stm32f3xx_hal_exti.o ABSOLUTE
    ..\Drivers\STM32F3xx_HAL_Driver\Src\stm32f3xx_hal_flash.c 0x00000000   Number         0  stm32f3xx_hal_flash.o ABSOLUTE
    ..\Drivers\STM32F3xx_HAL_Driver\Src\stm32f3xx_hal_flash_ex.c 0x00000000   Number         0  stm32f3xx_hal_flash_ex.o ABSOLUTE
    ..\Drivers\STM32F3xx_HAL_Driver\Src\stm32f3xx_hal_gpio.c 0x00000000   Number         0  stm32f3xx_hal_gpio.o ABSOLUTE
    ..\Drivers\STM32F3xx_HAL_Driver\Src\stm32f3xx_hal_hrtim.c 0x00000000   Number         0  stm32f3xx_hal_hrtim.o ABSOLUTE
    ..\Drivers\STM32F3xx_HAL_Driver\Src\stm32f3xx_hal_i2c.c 0x00000000   Number         0  stm32f3xx_hal_i2c.o ABSOLUTE
    ..\Drivers\STM32F3xx_HAL_Driver\Src\stm32f3xx_hal_i2c_ex.c 0x00000000   Number         0  stm32f3xx_hal_i2c_ex.o ABSOLUTE
    ..\Drivers\STM32F3xx_HAL_Driver\Src\stm32f3xx_hal_pwr.c 0x00000000   Number         0  stm32f3xx_hal_pwr.o ABSOLUTE
    ..\Drivers\STM32F3xx_HAL_Driver\Src\stm32f3xx_hal_pwr_ex.c 0x00000000   Number         0  stm32f3xx_hal_pwr_ex.o ABSOLUTE
    ..\Drivers\STM32F3xx_HAL_Driver\Src\stm32f3xx_hal_rcc.c 0x00000000   Number         0  stm32f3xx_hal_rcc.o ABSOLUTE
    ..\Drivers\STM32F3xx_HAL_Driver\Src\stm32f3xx_hal_rcc_ex.c 0x00000000   Number         0  stm32f3xx_hal_rcc_ex.o ABSOLUTE
    ..\Drivers\STM32F3xx_HAL_Driver\Src\stm32f3xx_hal_tim.c 0x00000000   Number         0  stm32f3xx_hal_tim.o ABSOLUTE
    ..\Drivers\STM32F3xx_HAL_Driver\Src\stm32f3xx_hal_tim_ex.c 0x00000000   Number         0  stm32f3xx_hal_tim_ex.o ABSOLUTE
    ..\Drivers\STM32F3xx_HAL_Driver\Src\stm32f3xx_hal_uart.c 0x00000000   Number         0  stm32f3xx_hal_uart.o ABSOLUTE
    ..\Drivers\STM32F3xx_HAL_Driver\Src\stm32f3xx_hal_uart_ex.c 0x00000000   Number         0  stm32f3xx_hal_uart_ex.o ABSOLUTE
    ..\\Core\\Src\\PID.c                     0x00000000   Number         0  pid.o ABSOLUTE
    ..\\Core\\Src\\Serial.c                  0x00000000   Number         0  serial.o ABSOLUTE
    dc.s                                     0x00000000   Number         0  dc.o ABSOLUTE
    handlers.s                               0x00000000   Number         0  handlers.o ABSOLUTE
    init.s                                   0x00000000   Number         0  init.o ABSOLUTE
    startup_stm32f334x8.s                    0x00000000   Number         0  startup_stm32f334x8.o ABSOLUTE
    RESET                                    0x08000000   Section      392  startup_stm32f334x8.o(RESET)
    .ARM.Collect$$$$00000000                 0x08000188   Section        0  entry.o(.ARM.Collect$$$$00000000)
    .ARM.Collect$$$$00000001                 0x08000188   Section        4  entry2.o(.ARM.Collect$$$$00000001)
    .ARM.Collect$$$$00000004                 0x0800018c   Section        4  entry5.o(.ARM.Collect$$$$00000004)
    .ARM.Collect$$$$00000008                 0x08000190   Section        0  entry7b.o(.ARM.Collect$$$$00000008)
    .ARM.Collect$$$$0000000A                 0x08000190   Section        0  entry8b.o(.ARM.Collect$$$$0000000A)
    .ARM.Collect$$$$0000000B                 0x08000190   Section        8  entry9a.o(.ARM.Collect$$$$0000000B)
    .ARM.Collect$$$$0000000E                 0x08000198   Section        4  entry12b.o(.ARM.Collect$$$$0000000E)
    .ARM.Collect$$$$0000000F                 0x0800019c   Section        0  entry10a.o(.ARM.Collect$$$$0000000F)
    .ARM.Collect$$$$00000011                 0x0800019c   Section        0  entry11a.o(.ARM.Collect$$$$00000011)
    .ARM.Collect$$$$00002712                 0x0800019c   Section        4  entry2.o(.ARM.Collect$$$$00002712)
    __lit__00000000                          0x0800019c   Data           4  entry2.o(.ARM.Collect$$$$00002712)
    .text                                    0x080001a0   Section       36  startup_stm32f334x8.o(.text)
    $v0                                      0x080001a0   Number         0  startup_stm32f334x8.o(.text)
    .text                                    0x080001c4   Section        0  uldiv.o(.text)
    .text                                    0x08000226   Section        0  llushr.o(.text)
    .text                                    0x08000246   Section        0  memseta.o(.text)
    .text                                    0x0800026a   Section        0  dadd.o(.text)
    .text                                    0x080003b8   Section        0  dmul.o(.text)
    .text                                    0x0800049c   Section        0  dfltui.o(.text)
    .text                                    0x080004b6   Section        0  f2d.o(.text)
    .text                                    0x080004dc   Section        0  d2f.o(.text)
    .text                                    0x08000514   Section        0  llshl.o(.text)
    .text                                    0x08000532   Section        0  llsshr.o(.text)
    .text                                    0x08000556   Section        0  fepilogue.o(.text)
    .text                                    0x08000556   Section        0  iusefp.o(.text)
    .text                                    0x080005c4   Section        0  depilogue.o(.text)
    .text                                    0x08000680   Section       36  init.o(.text)
    i.ADC_DMAConvCplt                        0x080006a4   Section        0  stm32f3xx_hal_adc_ex.o(i.ADC_DMAConvCplt)
    ADC_DMAConvCplt                          0x080006a5   Thumb Code    68  stm32f3xx_hal_adc_ex.o(i.ADC_DMAConvCplt)
    i.ADC_DMAError                           0x080006e8   Section        0  stm32f3xx_hal_adc_ex.o(i.ADC_DMAError)
    ADC_DMAError                             0x080006e9   Thumb Code    22  stm32f3xx_hal_adc_ex.o(i.ADC_DMAError)
    i.ADC_DMAHalfConvCplt                    0x080006fe   Section        0  stm32f3xx_hal_adc_ex.o(i.ADC_DMAHalfConvCplt)
    ADC_DMAHalfConvCplt                      0x080006ff   Thumb Code     6  stm32f3xx_hal_adc_ex.o(i.ADC_DMAHalfConvCplt)
    i.ADC_Disable                            0x08000704   Section        0  stm32f3xx_hal_adc_ex.o(i.ADC_Disable)
    ADC_Disable                              0x08000705   Thumb Code   106  stm32f3xx_hal_adc_ex.o(i.ADC_Disable)
    i.ADC_Enable                             0x08000770   Section        0  stm32f3xx_hal_adc_ex.o(i.ADC_Enable)
    ADC_Enable                               0x08000771   Thumb Code   102  stm32f3xx_hal_adc_ex.o(i.ADC_Enable)
    i.BusFault_Handler                       0x080007dc   Section        0  stm32f3xx_it.o(i.BusFault_Handler)
    i.CUST_UART_IdleCallback                 0x080007e0   Section        0  serial.o(i.CUST_UART_IdleCallback)
    i.DMA1_Channel1_IRQHandler               0x08000808   Section        0  stm32f3xx_it.o(i.DMA1_Channel1_IRQHandler)
    i.DMA1_Channel6_IRQHandler               0x08000814   Section        0  stm32f3xx_it.o(i.DMA1_Channel6_IRQHandler)
    i.DMA1_Channel7_IRQHandler               0x08000820   Section        0  stm32f3xx_it.o(i.DMA1_Channel7_IRQHandler)
    i.DMA_CalcBaseAndBitshift                0x0800082c   Section        0  stm32f3xx_hal_dma.o(i.DMA_CalcBaseAndBitshift)
    DMA_CalcBaseAndBitshift                  0x0800082d   Thumb Code    22  stm32f3xx_hal_dma.o(i.DMA_CalcBaseAndBitshift)
    i.DMA_SetConfig                          0x0800084c   Section        0  stm32f3xx_hal_dma.o(i.DMA_SetConfig)
    DMA_SetConfig                            0x0800084d   Thumb Code    42  stm32f3xx_hal_dma.o(i.DMA_SetConfig)
    i.DebugMon_Handler                       0x08000876   Section        0  stm32f3xx_it.o(i.DebugMon_Handler)
    i.Error_Handler                          0x08000878   Section        0  main.o(i.Error_Handler)
    i.HAL_ADCEx_Calibration_Start            0x0800087c   Section        0  stm32f3xx_hal_adc_ex.o(i.HAL_ADCEx_Calibration_Start)
    i.HAL_ADCEx_MultiModeConfigChannel       0x0800091c   Section        0  stm32f3xx_hal_adc_ex.o(i.HAL_ADCEx_MultiModeConfigChannel)
    i.HAL_ADC_ConfigChannel                  0x080009fc   Section        0  stm32f3xx_hal_adc_ex.o(i.HAL_ADC_ConfigChannel)
    i.HAL_ADC_ConvCpltCallback               0x08000d4c   Section        0  stm32f3xx_hal_adc.o(i.HAL_ADC_ConvCpltCallback)
    i.HAL_ADC_ConvHalfCpltCallback           0x08000d4e   Section        0  stm32f3xx_hal_adc.o(i.HAL_ADC_ConvHalfCpltCallback)
    i.HAL_ADC_ErrorCallback                  0x08000d50   Section        0  stm32f3xx_hal_adc.o(i.HAL_ADC_ErrorCallback)
    i.HAL_ADC_Init                           0x08000d54   Section        0  stm32f3xx_hal_adc_ex.o(i.HAL_ADC_Init)
    i.HAL_ADC_MspInit                        0x08000f38   Section        0  adc.o(i.HAL_ADC_MspInit)
    i.HAL_ADC_Start_DMA                      0x08000fc4   Section        0  stm32f3xx_hal_adc_ex.o(i.HAL_ADC_Start_DMA)
    i.HAL_DMA_Abort                          0x080010cc   Section        0  stm32f3xx_hal_dma.o(i.HAL_DMA_Abort)
    i.HAL_DMA_Abort_IT                       0x08001114   Section        0  stm32f3xx_hal_dma.o(i.HAL_DMA_Abort_IT)
    i.HAL_DMA_IRQHandler                     0x0800115e   Section        0  stm32f3xx_hal_dma.o(i.HAL_DMA_IRQHandler)
    i.HAL_DMA_Init                           0x08001206   Section        0  stm32f3xx_hal_dma.o(i.HAL_DMA_Init)
    i.HAL_DMA_Start_IT                       0x08001254   Section        0  stm32f3xx_hal_dma.o(i.HAL_DMA_Start_IT)
    i.HAL_Delay                              0x080012c4   Section        0  stm32f3xx_hal.o(i.HAL_Delay)
    i.HAL_GPIO_Init                          0x080012e8   Section        0  stm32f3xx_hal_gpio.o(i.HAL_GPIO_Init)
    i.HAL_GPIO_WritePin                      0x08001508   Section        0  stm32f3xx_hal_gpio.o(i.HAL_GPIO_WritePin)
    i.HAL_GetTick                            0x08001514   Section        0  stm32f3xx_hal.o(i.HAL_GetTick)
    i.HAL_HRTIM_DLLCalibrationStart          0x08001520   Section        0  stm32f3xx_hal_hrtim.o(i.HAL_HRTIM_DLLCalibrationStart)
    i.HAL_HRTIM_DeadTimeConfig               0x08001584   Section        0  stm32f3xx_hal_hrtim.o(i.HAL_HRTIM_DeadTimeConfig)
    i.HAL_HRTIM_Init                         0x08001610   Section        0  stm32f3xx_hal_hrtim.o(i.HAL_HRTIM_Init)
    i.HAL_HRTIM_MspInit                      0x080016cc   Section        0  hrtim.o(i.HAL_HRTIM_MspInit)
    i.HAL_HRTIM_MspPostInit                  0x080016f4   Section        0  hrtim.o(i.HAL_HRTIM_MspPostInit)
    i.HAL_HRTIM_PollForDLLCalibration        0x08001748   Section        0  stm32f3xx_hal_hrtim.o(i.HAL_HRTIM_PollForDLLCalibration)
    i.HAL_HRTIM_TimeBaseConfig               0x0800178a   Section        0  stm32f3xx_hal_hrtim.o(i.HAL_HRTIM_TimeBaseConfig)
    i.HAL_HRTIM_WaveformCompareConfig        0x08001804   Section        0  stm32f3xx_hal_hrtim.o(i.HAL_HRTIM_WaveformCompareConfig)
    i.HAL_HRTIM_WaveformCountStart           0x08001938   Section        0  stm32f3xx_hal_hrtim.o(i.HAL_HRTIM_WaveformCountStart)
    i.HAL_HRTIM_WaveformOutputConfig         0x08001964   Section        0  stm32f3xx_hal_hrtim.o(i.HAL_HRTIM_WaveformOutputConfig)
    i.HAL_HRTIM_WaveformOutputStart          0x0800199a   Section        0  stm32f3xx_hal_hrtim.o(i.HAL_HRTIM_WaveformOutputStart)
    i.HAL_HRTIM_WaveformTimerConfig          0x080019ca   Section        0  stm32f3xx_hal_hrtim.o(i.HAL_HRTIM_WaveformTimerConfig)
    i.HAL_IncTick                            0x08001a84   Section        0  stm32f3xx_hal.o(i.HAL_IncTick)
    i.HAL_Init                               0x08001a94   Section        0  stm32f3xx_hal.o(i.HAL_Init)
    i.HAL_InitTick                           0x08001ab8   Section        0  stm32f3xx_hal.o(i.HAL_InitTick)
    i.HAL_MspInit                            0x08001af8   Section        0  stm32f3xx_hal_msp.o(i.HAL_MspInit)
    i.HAL_NVIC_EnableIRQ                     0x08001b24   Section        0  stm32f3xx_hal_cortex.o(i.HAL_NVIC_EnableIRQ)
    i.HAL_NVIC_SetPriority                   0x08001b40   Section        0  stm32f3xx_hal_cortex.o(i.HAL_NVIC_SetPriority)
    i.HAL_NVIC_SetPriorityGrouping           0x08001b80   Section        0  stm32f3xx_hal_cortex.o(i.HAL_NVIC_SetPriorityGrouping)
    i.HAL_RCCEx_PeriphCLKConfig              0x08001ba4   Section        0  stm32f3xx_hal_rcc_ex.o(i.HAL_RCCEx_PeriphCLKConfig)
    i.HAL_RCC_ClockConfig                    0x08001d2c   Section        0  stm32f3xx_hal_rcc.o(i.HAL_RCC_ClockConfig)
    i.HAL_RCC_GetPCLK1Freq                   0x08001e74   Section        0  stm32f3xx_hal_rcc.o(i.HAL_RCC_GetPCLK1Freq)
    i.HAL_RCC_GetPCLK2Freq                   0x08001ea4   Section        0  stm32f3xx_hal_rcc.o(i.HAL_RCC_GetPCLK2Freq)
    i.HAL_RCC_GetSysClockFreq                0x08001ed4   Section        0  stm32f3xx_hal_rcc.o(i.HAL_RCC_GetSysClockFreq)
    i.HAL_RCC_OscConfig                      0x08001f24   Section        0  stm32f3xx_hal_rcc.o(i.HAL_RCC_OscConfig)
    i.HAL_SYSTICK_Config                     0x080024ec   Section        0  stm32f3xx_hal_cortex.o(i.HAL_SYSTICK_Config)
    i.HAL_TIMEx_Break2Callback               0x08002514   Section        0  stm32f3xx_hal_tim_ex.o(i.HAL_TIMEx_Break2Callback)
    i.HAL_TIMEx_BreakCallback                0x08002516   Section        0  stm32f3xx_hal_tim_ex.o(i.HAL_TIMEx_BreakCallback)
    i.HAL_TIMEx_CommutCallback               0x08002518   Section        0  stm32f3xx_hal_tim_ex.o(i.HAL_TIMEx_CommutCallback)
    i.HAL_TIMEx_MasterConfigSynchronization  0x0800251c   Section        0  stm32f3xx_hal_tim_ex.o(i.HAL_TIMEx_MasterConfigSynchronization)
    i.HAL_TIM_Base_Init                      0x08002590   Section        0  stm32f3xx_hal_tim.o(i.HAL_TIM_Base_Init)
    i.HAL_TIM_Base_MspInit                   0x080025f4   Section        0  tim.o(i.HAL_TIM_Base_MspInit)
    i.HAL_TIM_ConfigClockSource              0x08002630   Section        0  stm32f3xx_hal_tim.o(i.HAL_TIM_ConfigClockSource)
    i.HAL_TIM_IC_CaptureCallback             0x08002710   Section        0  stm32f3xx_hal_tim.o(i.HAL_TIM_IC_CaptureCallback)
    i.HAL_TIM_IRQHandler                     0x08002712   Section        0  stm32f3xx_hal_tim.o(i.HAL_TIM_IRQHandler)
    i.HAL_TIM_OC_DelayElapsedCallback        0x08002858   Section        0  stm32f3xx_hal_tim.o(i.HAL_TIM_OC_DelayElapsedCallback)
    i.HAL_TIM_PWM_PulseFinishedCallback      0x0800285a   Section        0  stm32f3xx_hal_tim.o(i.HAL_TIM_PWM_PulseFinishedCallback)
    i.HAL_TIM_PeriodElapsedCallback          0x0800285c   Section        0  main.o(i.HAL_TIM_PeriodElapsedCallback)
    i.HAL_TIM_TriggerCallback                0x08002c74   Section        0  stm32f3xx_hal_tim.o(i.HAL_TIM_TriggerCallback)
    i.HAL_UARTEx_ReceiveToIdle_DMA           0x08002c76   Section        0  stm32f3xx_hal_uart_ex.o(i.HAL_UARTEx_ReceiveToIdle_DMA)
    i.HAL_UARTEx_RxEventCallback             0x08002cc0   Section        0  stm32f3xx_hal_uart.o(i.HAL_UARTEx_RxEventCallback)
    i.HAL_UARTEx_WakeupCallback              0x08002cc2   Section        0  stm32f3xx_hal_uart_ex.o(i.HAL_UARTEx_WakeupCallback)
    i.HAL_UART_ErrorCallback                 0x08002cc4   Section        0  stm32f3xx_hal_uart.o(i.HAL_UART_ErrorCallback)
    i.HAL_UART_IRQHandler                    0x08002cc8   Section        0  stm32f3xx_hal_uart.o(i.HAL_UART_IRQHandler)
    i.HAL_UART_Init                          0x08002f80   Section        0  stm32f3xx_hal_uart.o(i.HAL_UART_Init)
    i.HAL_UART_MspInit                       0x08002fe8   Section        0  usart.o(i.HAL_UART_MspInit)
    i.HAL_UART_RxCpltCallback                0x080030c4   Section        0  stm32f3xx_hal_uart.o(i.HAL_UART_RxCpltCallback)
    i.HAL_UART_RxHalfCpltCallback            0x080030c6   Section        0  stm32f3xx_hal_uart.o(i.HAL_UART_RxHalfCpltCallback)
    i.HAL_UART_Transmit_DMA                  0x080030c8   Section        0  stm32f3xx_hal_uart.o(i.HAL_UART_Transmit_DMA)
    i.HAL_UART_TxCpltCallback                0x08003154   Section        0  stm32f3xx_hal_uart.o(i.HAL_UART_TxCpltCallback)
    i.HAL_UART_TxHalfCpltCallback            0x08003156   Section        0  stm32f3xx_hal_uart.o(i.HAL_UART_TxHalfCpltCallback)
    i.HRTIM_ForceRegistersUpdate             0x08003158   Section        0  stm32f3xx_hal_hrtim.o(i.HRTIM_ForceRegistersUpdate)
    HRTIM_ForceRegistersUpdate               0x08003159   Thumb Code    90  stm32f3xx_hal_hrtim.o(i.HRTIM_ForceRegistersUpdate)
    i.HRTIM_OutputConfig                     0x080031b2   Section        0  stm32f3xx_hal_hrtim.o(i.HRTIM_OutputConfig)
    HRTIM_OutputConfig                       0x080031b3   Thumb Code   206  stm32f3xx_hal_hrtim.o(i.HRTIM_OutputConfig)
    i.HRTIM_TimingUnitWaveform_Config        0x08003280   Section        0  stm32f3xx_hal_hrtim.o(i.HRTIM_TimingUnitWaveform_Config)
    HRTIM_TimingUnitWaveform_Config          0x08003281   Thumb Code   322  stm32f3xx_hal_hrtim.o(i.HRTIM_TimingUnitWaveform_Config)
    i.HardFault_Handler                      0x080033c2   Section        0  stm32f3xx_it.o(i.HardFault_Handler)
    i.MX_ADC1_Init                           0x080033c4   Section        0  adc.o(i.MX_ADC1_Init)
    i.MX_DMA_Init                            0x0800347c   Section        0  dma.o(i.MX_DMA_Init)
    i.MX_GPIO_Init                           0x080034c8   Section        0  gpio.o(i.MX_GPIO_Init)
    i.MX_HRTIM1_Init                         0x08003548   Section        0  hrtim.o(i.MX_HRTIM1_Init)
    i.MX_TIM3_Init                           0x08003730   Section        0  tim.o(i.MX_TIM3_Init)
    i.MX_USART2_UART_Init                    0x08003798   Section        0  usart.o(i.MX_USART2_UART_Init)
    i.MemManage_Handler                      0x080037d4   Section        0  stm32f3xx_it.o(i.MemManage_Handler)
    i.NMI_Handler                            0x080037d6   Section        0  stm32f3xx_it.o(i.NMI_Handler)
    i.PID_Calc                               0x080037d8   Section        0  pid.o(i.PID_Calc)
    i.PendSV_Handler                         0x0800386a   Section        0  stm32f3xx_it.o(i.PendSV_Handler)
    i.SVC_Handler                            0x0800386c   Section        0  stm32f3xx_it.o(i.SVC_Handler)
    i.Serial_RX                              0x08003870   Section        0  serial.o(i.Serial_RX)
    i.SysTick_Handler                        0x08003898   Section        0  stm32f3xx_it.o(i.SysTick_Handler)
    i.SystemClock_Config                     0x0800389c   Section        0  main.o(i.SystemClock_Config)
    i.SystemInit                             0x08003920   Section        0  system_stm32f3xx.o(i.SystemInit)
    i.TIM3_IRQHandler                        0x08003930   Section        0  stm32f3xx_it.o(i.TIM3_IRQHandler)
    i.TIM_Base_SetConfig                     0x0800393c   Section        0  stm32f3xx_hal_tim.o(i.TIM_Base_SetConfig)
    i.TIM_ETR_SetConfig                      0x080039d0   Section        0  stm32f3xx_hal_tim.o(i.TIM_ETR_SetConfig)
    i.TIM_ITRx_SetConfig                     0x080039e4   Section        0  stm32f3xx_hal_tim.o(i.TIM_ITRx_SetConfig)
    TIM_ITRx_SetConfig                       0x080039e5   Thumb Code    16  stm32f3xx_hal_tim.o(i.TIM_ITRx_SetConfig)
    i.TIM_TI1_ConfigInputStage               0x080039f4   Section        0  stm32f3xx_hal_tim.o(i.TIM_TI1_ConfigInputStage)
    TIM_TI1_ConfigInputStage                 0x080039f5   Thumb Code    34  stm32f3xx_hal_tim.o(i.TIM_TI1_ConfigInputStage)
    i.TIM_TI2_ConfigInputStage               0x08003a16   Section        0  stm32f3xx_hal_tim.o(i.TIM_TI2_ConfigInputStage)
    TIM_TI2_ConfigInputStage                 0x08003a17   Thumb Code    36  stm32f3xx_hal_tim.o(i.TIM_TI2_ConfigInputStage)
    i.UART_AdvFeatureConfig                  0x08003a3a   Section        0  stm32f3xx_hal_uart.o(i.UART_AdvFeatureConfig)
    i.UART_CheckIdleState                    0x08003b02   Section        0  stm32f3xx_hal_uart.o(i.UART_CheckIdleState)
    i.UART_DMAAbortOnError                   0x08003baa   Section        0  stm32f3xx_hal_uart.o(i.UART_DMAAbortOnError)
    UART_DMAAbortOnError                     0x08003bab   Thumb Code    20  stm32f3xx_hal_uart.o(i.UART_DMAAbortOnError)
    i.UART_DMAError                          0x08003bbe   Section        0  stm32f3xx_hal_uart.o(i.UART_DMAError)
    UART_DMAError                            0x08003bbf   Thumb Code    78  stm32f3xx_hal_uart.o(i.UART_DMAError)
    i.UART_DMAReceiveCplt                    0x08003c0c   Section        0  stm32f3xx_hal_uart.o(i.UART_DMAReceiveCplt)
    UART_DMAReceiveCplt                      0x08003c0d   Thumb Code   130  stm32f3xx_hal_uart.o(i.UART_DMAReceiveCplt)
    i.UART_DMARxHalfCplt                     0x08003c8e   Section        0  stm32f3xx_hal_uart.o(i.UART_DMARxHalfCplt)
    UART_DMARxHalfCplt                       0x08003c8f   Thumb Code    32  stm32f3xx_hal_uart.o(i.UART_DMARxHalfCplt)
    i.UART_DMATransmitCplt                   0x08003cae   Section        0  stm32f3xx_hal_uart.o(i.UART_DMATransmitCplt)
    UART_DMATransmitCplt                     0x08003caf   Thumb Code    64  stm32f3xx_hal_uart.o(i.UART_DMATransmitCplt)
    i.UART_DMATxHalfCplt                     0x08003cee   Section        0  stm32f3xx_hal_uart.o(i.UART_DMATxHalfCplt)
    UART_DMATxHalfCplt                       0x08003cef   Thumb Code    10  stm32f3xx_hal_uart.o(i.UART_DMATxHalfCplt)
    i.UART_EndRxTransfer                     0x08003cf8   Section        0  stm32f3xx_hal_uart.o(i.UART_EndRxTransfer)
    UART_EndRxTransfer                       0x08003cf9   Thumb Code    76  stm32f3xx_hal_uart.o(i.UART_EndRxTransfer)
    i.UART_EndTxTransfer                     0x08003d44   Section        0  stm32f3xx_hal_uart.o(i.UART_EndTxTransfer)
    UART_EndTxTransfer                       0x08003d45   Thumb Code    24  stm32f3xx_hal_uart.o(i.UART_EndTxTransfer)
    i.UART_SetConfig                         0x08003d5c   Section        0  stm32f3xx_hal_uart.o(i.UART_SetConfig)
    i.UART_Start_Receive_DMA                 0x08003e9c   Section        0  stm32f3xx_hal_uart.o(i.UART_Start_Receive_DMA)
    i.UART_WaitOnFlagUntilTimeout            0x08003f3c   Section        0  stm32f3xx_hal_uart.o(i.UART_WaitOnFlagUntilTimeout)
    i.USART2_IRQHandler                      0x08003fd0   Section        0  stm32f3xx_it.o(i.USART2_IRQHandler)
    i.UsageFault_Handler                     0x08003fe8   Section        0  stm32f3xx_it.o(i.UsageFault_Handler)
    i.__NVIC_SetPriority                     0x08003fea   Section        0  stm32f3xx_hal_cortex.o(i.__NVIC_SetPriority)
    __NVIC_SetPriority                       0x08003feb   Thumb Code    32  stm32f3xx_hal_cortex.o(i.__NVIC_SetPriority)
    i.__scatterload_copy                     0x0800400a   Section       14  handlers.o(i.__scatterload_copy)
    i.__scatterload_null                     0x08004018   Section        2  handlers.o(i.__scatterload_null)
    i.__scatterload_zeroinit                 0x0800401a   Section       14  handlers.o(i.__scatterload_zeroinit)
    i.main                                   0x08004028   Section        0  main.o(i.main)
    .constdata                               0x08004124   Section       32  stm32f3xx_hal_rcc.o(.constdata)
    aPLLMULFactorTable                       0x08004124   Data          16  stm32f3xx_hal_rcc.o(.constdata)
    aPredivFactorTable                       0x08004134   Data          16  stm32f3xx_hal_rcc.o(.constdata)
    .constdata                               0x08004144   Section       16  system_stm32f3xx.o(.constdata)
    .constdata                               0x08004154   Section        8  system_stm32f3xx.o(.constdata)
    .data                                    0x20000000   Section       20  serial.o(.data)
    .data                                    0x20000014   Section        6  serial.o(.data)
    .data                                    0x2000001c   Section       68  main.o(.data)
    Tx_Counter                               0x2000001e   Data           2  main.o(.data)
    Current_ADC_Filter_Counter               0x20000020   Data           2  main.o(.data)
    Current_Out_ADC_Buffer                   0x2000002c   Data           4  main.o(.data)
    Current_In_ADC_Buffer                    0x20000030   Data           4  main.o(.data)
    .data                                    0x20000060   Section       12  stm32f3xx_hal.o(.data)
    .data                                    0x2000006c   Section        4  system_stm32f3xx.o(.data)
    .bss                                     0x20000070   Section       28  serial.o(.bss)
    .bss                                     0x2000008c   Section       72  main.o(.bss)
    .bss                                     0x200000d4   Section      148  adc.o(.bss)
    .bss                                     0x20000168   Section      220  hrtim.o(.bss)
    .bss                                     0x20000244   Section       76  tim.o(.bss)
    .bss                                     0x20000290   Section      272  usart.o(.bss)
    STACK                                    0x200003a0   Section     1024  startup_stm32f334x8.o(STACK)

    Global Symbols

    Symbol Name                              Value     Ov Type        Size  Object(Section)

    BuildAttributes$$THM_ISAv4$E$P$D$K$B$S$7EM$VFPi3$EXTD16$VFPS$VFMA$PE$A:L22UL41UL21$X:L11$S22US41US21$IEEE1$IW$USESV6$~STKCKD$USESV7$~SHL$OTIME$ROPI$EBA8$MICROLIB$REQ8$PRES8$EABIv2 0x00000000   Number         0  anon$$obj.o ABSOLUTE
    __ARM_use_no_argv                        0x00000000   Number         0  main.o ABSOLUTE
    __arm_fini_                               - Undefined Weak Reference
    __cpp_initialize__aeabi_                  - Undefined Weak Reference
    __cxa_finalize                            - Undefined Weak Reference
    __decompress                              - Undefined Weak Reference
    _clock_init                               - Undefined Weak Reference
    _microlib_exit                            - Undefined Weak Reference
    __Vectors_Size                           0x00000188   Number         0  startup_stm32f334x8.o ABSOLUTE
    __Vectors                                0x08000000   Data           4  startup_stm32f334x8.o(RESET)
    __Vectors_End                            0x08000188   Data           0  startup_stm32f334x8.o(RESET)
    __main                                   0x08000189   Thumb Code     0  entry.o(.ARM.Collect$$$$00000000)
    _main_stk                                0x08000189   Thumb Code     0  entry2.o(.ARM.Collect$$$$00000001)
    _main_scatterload                        0x0800018d   Thumb Code     0  entry5.o(.ARM.Collect$$$$00000004)
    __main_after_scatterload                 0x08000191   Thumb Code     0  entry5.o(.ARM.Collect$$$$00000004)
    _main_clock                              0x08000191   Thumb Code     0  entry7b.o(.ARM.Collect$$$$00000008)
    _main_cpp_init                           0x08000191   Thumb Code     0  entry8b.o(.ARM.Collect$$$$0000000A)
    _main_init                               0x08000191   Thumb Code     0  entry9a.o(.ARM.Collect$$$$0000000B)
    __rt_lib_shutdown_fini                   0x08000199   Thumb Code     0  entry12b.o(.ARM.Collect$$$$0000000E)
    __rt_final_cpp                           0x0800019d   Thumb Code     0  entry10a.o(.ARM.Collect$$$$0000000F)
    __rt_final_exit                          0x0800019d   Thumb Code     0  entry11a.o(.ARM.Collect$$$$00000011)
    Reset_Handler                            0x080001a1   Thumb Code     8  startup_stm32f334x8.o(.text)
    ADC1_2_IRQHandler                        0x080001bb   Thumb Code     0  startup_stm32f334x8.o(.text)
    CAN_RX0_IRQHandler                       0x080001bb   Thumb Code     0  startup_stm32f334x8.o(.text)
    CAN_RX1_IRQHandler                       0x080001bb   Thumb Code     0  startup_stm32f334x8.o(.text)
    CAN_SCE_IRQHandler                       0x080001bb   Thumb Code     0  startup_stm32f334x8.o(.text)
    CAN_TX_IRQHandler                        0x080001bb   Thumb Code     0  startup_stm32f334x8.o(.text)
    COMP2_IRQHandler                         0x080001bb   Thumb Code     0  startup_stm32f334x8.o(.text)
    COMP4_6_IRQHandler                       0x080001bb   Thumb Code     0  startup_stm32f334x8.o(.text)
    DMA1_Channel2_IRQHandler                 0x080001bb   Thumb Code     0  startup_stm32f334x8.o(.text)
    DMA1_Channel3_IRQHandler                 0x080001bb   Thumb Code     0  startup_stm32f334x8.o(.text)
    DMA1_Channel4_IRQHandler                 0x080001bb   Thumb Code     0  startup_stm32f334x8.o(.text)
    DMA1_Channel5_IRQHandler                 0x080001bb   Thumb Code     0  startup_stm32f334x8.o(.text)
    EXTI0_IRQHandler                         0x080001bb   Thumb Code     0  startup_stm32f334x8.o(.text)
    EXTI15_10_IRQHandler                     0x080001bb   Thumb Code     0  startup_stm32f334x8.o(.text)
    EXTI1_IRQHandler                         0x080001bb   Thumb Code     0  startup_stm32f334x8.o(.text)
    EXTI2_TSC_IRQHandler                     0x080001bb   Thumb Code     0  startup_stm32f334x8.o(.text)
    EXTI3_IRQHandler                         0x080001bb   Thumb Code     0  startup_stm32f334x8.o(.text)
    EXTI4_IRQHandler                         0x080001bb   Thumb Code     0  startup_stm32f334x8.o(.text)
    EXTI9_5_IRQHandler                       0x080001bb   Thumb Code     0  startup_stm32f334x8.o(.text)
    FLASH_IRQHandler                         0x080001bb   Thumb Code     0  startup_stm32f334x8.o(.text)
    FPU_IRQHandler                           0x080001bb   Thumb Code     0  startup_stm32f334x8.o(.text)
    HRTIM1_FLT_IRQHandler                    0x080001bb   Thumb Code     0  startup_stm32f334x8.o(.text)
    HRTIM1_Master_IRQHandler                 0x080001bb   Thumb Code     0  startup_stm32f334x8.o(.text)
    HRTIM1_TIMA_IRQHandler                   0x080001bb   Thumb Code     0  startup_stm32f334x8.o(.text)
    HRTIM1_TIMB_IRQHandler                   0x080001bb   Thumb Code     0  startup_stm32f334x8.o(.text)
    HRTIM1_TIMC_IRQHandler                   0x080001bb   Thumb Code     0  startup_stm32f334x8.o(.text)
    HRTIM1_TIMD_IRQHandler                   0x080001bb   Thumb Code     0  startup_stm32f334x8.o(.text)
    HRTIM1_TIME_IRQHandler                   0x080001bb   Thumb Code     0  startup_stm32f334x8.o(.text)
    I2C1_ER_IRQHandler                       0x080001bb   Thumb Code     0  startup_stm32f334x8.o(.text)
    I2C1_EV_IRQHandler                       0x080001bb   Thumb Code     0  startup_stm32f334x8.o(.text)
    PVD_IRQHandler                           0x080001bb   Thumb Code     0  startup_stm32f334x8.o(.text)
    RCC_IRQHandler                           0x080001bb   Thumb Code     0  startup_stm32f334x8.o(.text)
    RTC_Alarm_IRQHandler                     0x080001bb   Thumb Code     0  startup_stm32f334x8.o(.text)
    RTC_WKUP_IRQHandler                      0x080001bb   Thumb Code     0  startup_stm32f334x8.o(.text)
    SPI1_IRQHandler                          0x080001bb   Thumb Code     0  startup_stm32f334x8.o(.text)
    TAMP_STAMP_IRQHandler                    0x080001bb   Thumb Code     0  startup_stm32f334x8.o(.text)
    TIM1_BRK_TIM15_IRQHandler                0x080001bb   Thumb Code     0  startup_stm32f334x8.o(.text)
    TIM1_CC_IRQHandler                       0x080001bb   Thumb Code     0  startup_stm32f334x8.o(.text)
    TIM1_TRG_COM_TIM17_IRQHandler            0x080001bb   Thumb Code     0  startup_stm32f334x8.o(.text)
    TIM1_UP_TIM16_IRQHandler                 0x080001bb   Thumb Code     0  startup_stm32f334x8.o(.text)
    TIM2_IRQHandler                          0x080001bb   Thumb Code     0  startup_stm32f334x8.o(.text)
    TIM6_DAC1_IRQHandler                     0x080001bb   Thumb Code     0  startup_stm32f334x8.o(.text)
    TIM7_DAC2_IRQHandler                     0x080001bb   Thumb Code     0  startup_stm32f334x8.o(.text)
    USART1_IRQHandler                        0x080001bb   Thumb Code     0  startup_stm32f334x8.o(.text)
    USART3_IRQHandler                        0x080001bb   Thumb Code     0  startup_stm32f334x8.o(.text)
    WWDG_IRQHandler                          0x080001bb   Thumb Code     0  startup_stm32f334x8.o(.text)
    __aeabi_uldivmod                         0x080001c5   Thumb Code    98  uldiv.o(.text)
    __aeabi_llsr                             0x08000227   Thumb Code    32  llushr.o(.text)
    _ll_ushift_r                             0x08000227   Thumb Code     0  llushr.o(.text)
    __aeabi_memset                           0x08000247   Thumb Code    14  memseta.o(.text)
    __aeabi_memset4                          0x08000247   Thumb Code     0  memseta.o(.text)
    __aeabi_memset8                          0x08000247   Thumb Code     0  memseta.o(.text)
    __aeabi_memclr                           0x08000255   Thumb Code     4  memseta.o(.text)
    __aeabi_memclr4                          0x08000255   Thumb Code     0  memseta.o(.text)
    __aeabi_memclr8                          0x08000255   Thumb Code     0  memseta.o(.text)
    _memset$wrapper                          0x08000259   Thumb Code    18  memseta.o(.text)
    __aeabi_dadd                             0x0800026b   Thumb Code   322  dadd.o(.text)
    __aeabi_dsub                             0x080003ad   Thumb Code     6  dadd.o(.text)
    __aeabi_drsub                            0x080003b3   Thumb Code     6  dadd.o(.text)
    __aeabi_dmul                             0x080003b9   Thumb Code   228  dmul.o(.text)
    __aeabi_ui2d                             0x0800049d   Thumb Code    26  dfltui.o(.text)
    __aeabi_f2d                              0x080004b7   Thumb Code    38  f2d.o(.text)
    __aeabi_d2f                              0x080004dd   Thumb Code    56  d2f.o(.text)
    __aeabi_llsl                             0x08000515   Thumb Code    30  llshl.o(.text)
    _ll_shift_l                              0x08000515   Thumb Code     0  llshl.o(.text)
    __aeabi_lasr                             0x08000533   Thumb Code    36  llsshr.o(.text)
    _ll_sshift_r                             0x08000533   Thumb Code     0  llsshr.o(.text)
    __I$use$fp                               0x08000557   Thumb Code     0  iusefp.o(.text)
    _float_round                             0x08000557   Thumb Code    18  fepilogue.o(.text)
    _float_epilogue                          0x08000569   Thumb Code    92  fepilogue.o(.text)
    _double_round                            0x080005c5   Thumb Code    30  depilogue.o(.text)
    _double_epilogue                         0x080005e3   Thumb Code   156  depilogue.o(.text)
    __scatterload                            0x08000681   Thumb Code    28  init.o(.text)
    __scatterload_rt2                        0x08000681   Thumb Code     0  init.o(.text)
    BusFault_Handler                         0x080007dd   Thumb Code     2  stm32f3xx_it.o(i.BusFault_Handler)
    CUST_UART_IdleCallback                   0x080007e1   Thumb Code    36  serial.o(i.CUST_UART_IdleCallback)
    DMA1_Channel1_IRQHandler                 0x08000809   Thumb Code     6  stm32f3xx_it.o(i.DMA1_Channel1_IRQHandler)
    DMA1_Channel6_IRQHandler                 0x08000815   Thumb Code     6  stm32f3xx_it.o(i.DMA1_Channel6_IRQHandler)
    DMA1_Channel7_IRQHandler                 0x08000821   Thumb Code     6  stm32f3xx_it.o(i.DMA1_Channel7_IRQHandler)
    DebugMon_Handler                         0x08000877   Thumb Code     2  stm32f3xx_it.o(i.DebugMon_Handler)
    Error_Handler                            0x08000879   Thumb Code     4  main.o(i.Error_Handler)
    HAL_ADCEx_Calibration_Start              0x0800087d   Thumb Code   158  stm32f3xx_hal_adc_ex.o(i.HAL_ADCEx_Calibration_Start)
    HAL_ADCEx_MultiModeConfigChannel         0x0800091d   Thumb Code   214  stm32f3xx_hal_adc_ex.o(i.HAL_ADCEx_MultiModeConfigChannel)
    HAL_ADC_ConfigChannel                    0x080009fd   Thumb Code   828  stm32f3xx_hal_adc_ex.o(i.HAL_ADC_ConfigChannel)
    HAL_ADC_ConvCpltCallback                 0x08000d4d   Thumb Code     2  stm32f3xx_hal_adc.o(i.HAL_ADC_ConvCpltCallback)
    HAL_ADC_ConvHalfCpltCallback             0x08000d4f   Thumb Code     2  stm32f3xx_hal_adc.o(i.HAL_ADC_ConvHalfCpltCallback)
    HAL_ADC_ErrorCallback                    0x08000d51   Thumb Code     2  stm32f3xx_hal_adc.o(i.HAL_ADC_ErrorCallback)
    HAL_ADC_Init                             0x08000d55   Thumb Code   460  stm32f3xx_hal_adc_ex.o(i.HAL_ADC_Init)
    HAL_ADC_MspInit                          0x08000f39   Thumb Code   126  adc.o(i.HAL_ADC_MspInit)
    HAL_ADC_Start_DMA                        0x08000fc5   Thumb Code   246  stm32f3xx_hal_adc_ex.o(i.HAL_ADC_Start_DMA)
    HAL_DMA_Abort                            0x080010cd   Thumb Code    72  stm32f3xx_hal_dma.o(i.HAL_DMA_Abort)
    HAL_DMA_Abort_IT                         0x08001115   Thumb Code    74  stm32f3xx_hal_dma.o(i.HAL_DMA_Abort_IT)
    HAL_DMA_IRQHandler                       0x0800115f   Thumb Code   168  stm32f3xx_hal_dma.o(i.HAL_DMA_IRQHandler)
    HAL_DMA_Init                             0x08001207   Thumb Code    78  stm32f3xx_hal_dma.o(i.HAL_DMA_Init)
    HAL_DMA_Start_IT                         0x08001255   Thumb Code   112  stm32f3xx_hal_dma.o(i.HAL_DMA_Start_IT)
    HAL_Delay                                0x080012c5   Thumb Code    32  stm32f3xx_hal.o(i.HAL_Delay)
    HAL_GPIO_Init                            0x080012e9   Thumb Code   518  stm32f3xx_hal_gpio.o(i.HAL_GPIO_Init)
    HAL_GPIO_WritePin                        0x08001509   Thumb Code    10  stm32f3xx_hal_gpio.o(i.HAL_GPIO_WritePin)
    HAL_GetTick                              0x08001515   Thumb Code     6  stm32f3xx_hal.o(i.HAL_GetTick)
    HAL_HRTIM_DLLCalibrationStart            0x08001521   Thumb Code    98  stm32f3xx_hal_hrtim.o(i.HAL_HRTIM_DLLCalibrationStart)
    HAL_HRTIM_DeadTimeConfig                 0x08001585   Thumb Code   136  stm32f3xx_hal_hrtim.o(i.HAL_HRTIM_DeadTimeConfig)
    HAL_HRTIM_Init                           0x08001611   Thumb Code   180  stm32f3xx_hal_hrtim.o(i.HAL_HRTIM_Init)
    HAL_HRTIM_MspInit                        0x080016cd   Thumb Code    30  hrtim.o(i.HAL_HRTIM_MspInit)
    HAL_HRTIM_MspPostInit                    0x080016f5   Thumb Code    76  hrtim.o(i.HAL_HRTIM_MspPostInit)
    HAL_HRTIM_PollForDLLCalibration          0x08001749   Thumb Code    66  stm32f3xx_hal_hrtim.o(i.HAL_HRTIM_PollForDLLCalibration)
    HAL_HRTIM_TimeBaseConfig                 0x0800178b   Thumb Code   122  stm32f3xx_hal_hrtim.o(i.HAL_HRTIM_TimeBaseConfig)
    HAL_HRTIM_WaveformCompareConfig          0x08001805   Thumb Code   308  stm32f3xx_hal_hrtim.o(i.HAL_HRTIM_WaveformCompareConfig)
    HAL_HRTIM_WaveformCountStart             0x08001939   Thumb Code    44  stm32f3xx_hal_hrtim.o(i.HAL_HRTIM_WaveformCountStart)
    HAL_HRTIM_WaveformOutputConfig           0x08001965   Thumb Code    54  stm32f3xx_hal_hrtim.o(i.HAL_HRTIM_WaveformOutputConfig)
    HAL_HRTIM_WaveformOutputStart            0x0800199b   Thumb Code    48  stm32f3xx_hal_hrtim.o(i.HAL_HRTIM_WaveformOutputStart)
    HAL_HRTIM_WaveformTimerConfig            0x080019cb   Thumb Code   186  stm32f3xx_hal_hrtim.o(i.HAL_HRTIM_WaveformTimerConfig)
    HAL_IncTick                              0x08001a85   Thumb Code    12  stm32f3xx_hal.o(i.HAL_IncTick)
    HAL_Init                                 0x08001a95   Thumb Code    32  stm32f3xx_hal.o(i.HAL_Init)
    HAL_InitTick                             0x08001ab9   Thumb Code    54  stm32f3xx_hal.o(i.HAL_InitTick)
    HAL_MspInit                              0x08001af9   Thumb Code    38  stm32f3xx_hal_msp.o(i.HAL_MspInit)
    HAL_NVIC_EnableIRQ                       0x08001b25   Thumb Code    26  stm32f3xx_hal_cortex.o(i.HAL_NVIC_EnableIRQ)
    HAL_NVIC_SetPriority                     0x08001b41   Thumb Code    60  stm32f3xx_hal_cortex.o(i.HAL_NVIC_SetPriority)
    HAL_NVIC_SetPriorityGrouping             0x08001b81   Thumb Code    26  stm32f3xx_hal_cortex.o(i.HAL_NVIC_SetPriorityGrouping)
    HAL_RCCEx_PeriphCLKConfig                0x08001ba5   Thumb Code   378  stm32f3xx_hal_rcc_ex.o(i.HAL_RCCEx_PeriphCLKConfig)
    HAL_RCC_ClockConfig                      0x08001d2d   Thumb Code   308  stm32f3xx_hal_rcc.o(i.HAL_RCC_ClockConfig)
    HAL_RCC_GetPCLK1Freq                     0x08001e75   Thumb Code    34  stm32f3xx_hal_rcc.o(i.HAL_RCC_GetPCLK1Freq)
    HAL_RCC_GetPCLK2Freq                     0x08001ea5   Thumb Code    34  stm32f3xx_hal_rcc.o(i.HAL_RCC_GetPCLK2Freq)
    HAL_RCC_GetSysClockFreq                  0x08001ed5   Thumb Code    64  stm32f3xx_hal_rcc.o(i.HAL_RCC_GetSysClockFreq)
    HAL_RCC_OscConfig                        0x08001f25   Thumb Code  1480  stm32f3xx_hal_rcc.o(i.HAL_RCC_OscConfig)
    HAL_SYSTICK_Config                       0x080024ed   Thumb Code    40  stm32f3xx_hal_cortex.o(i.HAL_SYSTICK_Config)
    HAL_TIMEx_Break2Callback                 0x08002515   Thumb Code     2  stm32f3xx_hal_tim_ex.o(i.HAL_TIMEx_Break2Callback)
    HAL_TIMEx_BreakCallback                  0x08002517   Thumb Code     2  stm32f3xx_hal_tim_ex.o(i.HAL_TIMEx_BreakCallback)
    HAL_TIMEx_CommutCallback                 0x08002519   Thumb Code     2  stm32f3xx_hal_tim_ex.o(i.HAL_TIMEx_CommutCallback)
    HAL_TIMEx_MasterConfigSynchronization    0x0800251d   Thumb Code   104  stm32f3xx_hal_tim_ex.o(i.HAL_TIMEx_MasterConfigSynchronization)
    HAL_TIM_Base_Init                        0x08002591   Thumb Code    98  stm32f3xx_hal_tim.o(i.HAL_TIM_Base_Init)
    HAL_TIM_Base_MspInit                     0x080025f5   Thumb Code    50  tim.o(i.HAL_TIM_Base_MspInit)
    HAL_TIM_ConfigClockSource                0x08002631   Thumb Code   220  stm32f3xx_hal_tim.o(i.HAL_TIM_ConfigClockSource)
    HAL_TIM_IC_CaptureCallback               0x08002711   Thumb Code     2  stm32f3xx_hal_tim.o(i.HAL_TIM_IC_CaptureCallback)
    HAL_TIM_IRQHandler                       0x08002713   Thumb Code   326  stm32f3xx_hal_tim.o(i.HAL_TIM_IRQHandler)
    HAL_TIM_OC_DelayElapsedCallback          0x08002859   Thumb Code     2  stm32f3xx_hal_tim.o(i.HAL_TIM_OC_DelayElapsedCallback)
    HAL_TIM_PWM_PulseFinishedCallback        0x0800285b   Thumb Code     2  stm32f3xx_hal_tim.o(i.HAL_TIM_PWM_PulseFinishedCallback)
    HAL_TIM_PeriodElapsedCallback            0x0800285d   Thumb Code   916  main.o(i.HAL_TIM_PeriodElapsedCallback)
    HAL_TIM_TriggerCallback                  0x08002c75   Thumb Code     2  stm32f3xx_hal_tim.o(i.HAL_TIM_TriggerCallback)
    HAL_UARTEx_ReceiveToIdle_DMA             0x08002c77   Thumb Code    74  stm32f3xx_hal_uart_ex.o(i.HAL_UARTEx_ReceiveToIdle_DMA)
    HAL_UARTEx_RxEventCallback               0x08002cc1   Thumb Code     2  stm32f3xx_hal_uart.o(i.HAL_UARTEx_RxEventCallback)
    HAL_UARTEx_WakeupCallback                0x08002cc3   Thumb Code     2  stm32f3xx_hal_uart_ex.o(i.HAL_UARTEx_WakeupCallback)
    HAL_UART_ErrorCallback                   0x08002cc5   Thumb Code     2  stm32f3xx_hal_uart.o(i.HAL_UART_ErrorCallback)
    HAL_UART_IRQHandler                      0x08002cc9   Thumb Code   686  stm32f3xx_hal_uart.o(i.HAL_UART_IRQHandler)
    HAL_UART_Init                            0x08002f81   Thumb Code   102  stm32f3xx_hal_uart.o(i.HAL_UART_Init)
    HAL_UART_MspInit                         0x08002fe9   Thumb Code   198  usart.o(i.HAL_UART_MspInit)
    HAL_UART_RxCpltCallback                  0x080030c5   Thumb Code     2  stm32f3xx_hal_uart.o(i.HAL_UART_RxCpltCallback)
    HAL_UART_RxHalfCpltCallback              0x080030c7   Thumb Code     2  stm32f3xx_hal_uart.o(i.HAL_UART_RxHalfCpltCallback)
    HAL_UART_Transmit_DMA                    0x080030c9   Thumb Code   126  stm32f3xx_hal_uart.o(i.HAL_UART_Transmit_DMA)
    HAL_UART_TxCpltCallback                  0x08003155   Thumb Code     2  stm32f3xx_hal_uart.o(i.HAL_UART_TxCpltCallback)
    HAL_UART_TxHalfCpltCallback              0x08003157   Thumb Code     2  stm32f3xx_hal_uart.o(i.HAL_UART_TxHalfCpltCallback)
    HardFault_Handler                        0x080033c3   Thumb Code     2  stm32f3xx_it.o(i.HardFault_Handler)
    MX_ADC1_Init                             0x080033c5   Thumb Code   180  adc.o(i.MX_ADC1_Init)
    MX_DMA_Init                              0x0800347d   Thumb Code    72  dma.o(i.MX_DMA_Init)
    MX_GPIO_Init                             0x080034c9   Thumb Code   118  gpio.o(i.MX_GPIO_Init)
    MX_HRTIM1_Init                           0x08003549   Thumb Code   480  hrtim.o(i.MX_HRTIM1_Init)
    MX_TIM3_Init                             0x08003731   Thumb Code    96  tim.o(i.MX_TIM3_Init)
    MX_USART2_UART_Init                      0x08003799   Thumb Code    52  usart.o(i.MX_USART2_UART_Init)
    MemManage_Handler                        0x080037d5   Thumb Code     2  stm32f3xx_it.o(i.MemManage_Handler)
    NMI_Handler                              0x080037d7   Thumb Code     2  stm32f3xx_it.o(i.NMI_Handler)
    PID_Calc                                 0x080037d9   Thumb Code   146  pid.o(i.PID_Calc)
    PendSV_Handler                           0x0800386b   Thumb Code     2  stm32f3xx_it.o(i.PendSV_Handler)
    SVC_Handler                              0x0800386d   Thumb Code     2  stm32f3xx_it.o(i.SVC_Handler)
    Serial_RX                                0x08003871   Thumb Code    30  serial.o(i.Serial_RX)
    SysTick_Handler                          0x08003899   Thumb Code     4  stm32f3xx_it.o(i.SysTick_Handler)
    SystemClock_Config                       0x0800389d   Thumb Code   130  main.o(i.SystemClock_Config)
    SystemInit                               0x08003921   Thumb Code    12  system_stm32f3xx.o(i.SystemInit)
    TIM3_IRQHandler                          0x08003931   Thumb Code     6  stm32f3xx_it.o(i.TIM3_IRQHandler)
    TIM_Base_SetConfig                       0x0800393d   Thumb Code   128  stm32f3xx_hal_tim.o(i.TIM_Base_SetConfig)
    TIM_ETR_SetConfig                        0x080039d1   Thumb Code    20  stm32f3xx_hal_tim.o(i.TIM_ETR_SetConfig)
    UART_AdvFeatureConfig                    0x08003a3b   Thumb Code   200  stm32f3xx_hal_uart.o(i.UART_AdvFeatureConfig)
    UART_CheckIdleState                      0x08003b03   Thumb Code   168  stm32f3xx_hal_uart.o(i.UART_CheckIdleState)
    UART_SetConfig                           0x08003d5d   Thumb Code   296  stm32f3xx_hal_uart.o(i.UART_SetConfig)
    UART_Start_Receive_DMA                   0x08003e9d   Thumb Code   146  stm32f3xx_hal_uart.o(i.UART_Start_Receive_DMA)
    UART_WaitOnFlagUntilTimeout              0x08003f3d   Thumb Code   148  stm32f3xx_hal_uart.o(i.UART_WaitOnFlagUntilTimeout)
    USART2_IRQHandler                        0x08003fd1   Thumb Code    18  stm32f3xx_it.o(i.USART2_IRQHandler)
    UsageFault_Handler                       0x08003fe9   Thumb Code     2  stm32f3xx_it.o(i.UsageFault_Handler)
    __scatterload_copy                       0x0800400b   Thumb Code    14  handlers.o(i.__scatterload_copy)
    __scatterload_null                       0x08004019   Thumb Code     2  handlers.o(i.__scatterload_null)
    __scatterload_zeroinit                   0x0800401b   Thumb Code    14  handlers.o(i.__scatterload_zeroinit)
    main                                     0x08004029   Thumb Code   204  main.o(i.main)
    AHBPrescTable                            0x08004144   Data          16  system_stm32f3xx.o(.constdata)
    APBPrescTable                            0x08004154   Data           8  system_stm32f3xx.o(.constdata)
    Region$$Table$$Base                      0x0800415c   Number         0  anon$$obj.o(Region$$Table)
    Region$$Table$$Limit                     0x0800417c   Number         0  anon$$obj.o(Region$$Table)
    Serial_TX_Buffer                         0x20000000   Data          20  serial.o(.data)
    RX_Data                                  0x20000014   Data           6  serial.o(.data)
    mode                                     0x2000001c   Data           1  main.o(.data)
    mode_changed_flag                        0x2000001d   Data           1  main.o(.data)
    Voltage_Out_Set                          0x20000024   Data           4  main.o(.data)
    ctrl                                     0x20000028   Data           4  main.o(.data)
    duty1                                    0x20000034   Data           4  main.o(.data)
    duty2                                    0x20000038   Data           4  main.o(.data)
    Voltage_Out                              0x2000003c   Data           4  main.o(.data)
    Voltage_In                               0x20000040   Data           4  main.o(.data)
    Current_Out                              0x20000044   Data           4  main.o(.data)
    Current_In                               0x20000048   Data           4  main.o(.data)
    Current_Out_Set                          0x2000004c   Data           4  main.o(.data)
    Current_In_Set                           0x20000050   Data           4  main.o(.data)
    mode_f                                   0x20000054   Data           4  main.o(.data)
    ADC_Buffer                               0x20000058   Data           8  main.o(.data)
    uwTickFreq                               0x20000060   Data           1  stm32f3xx_hal.o(.data)
    uwTickPrio                               0x20000064   Data           4  stm32f3xx_hal.o(.data)
    uwTick                                   0x20000068   Data           4  stm32f3xx_hal.o(.data)
    SystemCoreClock                          0x2000006c   Data           4  system_stm32f3xx.o(.data)
    RX_Addr                                  0x20000070   Data          28  serial.o(.bss)
    pid_voltage                              0x2000008c   Data          36  main.o(.bss)
    pid_current                              0x200000b0   Data          36  main.o(.bss)
    hadc1                                    0x200000d4   Data          80  adc.o(.bss)
    hdma_adc1                                0x20000124   Data          68  adc.o(.bss)
    hhrtim1                                  0x20000168   Data         220  hrtim.o(.bss)
    htim3                                    0x20000244   Data          76  tim.o(.bss)
    huart2                                   0x20000290   Data         136  usart.o(.bss)
    hdma_usart2_rx                           0x20000318   Data          68  usart.o(.bss)
    hdma_usart2_tx                           0x2000035c   Data          68  usart.o(.bss)
    __initial_sp                             0x200007a0   Data           0  startup_stm32f334x8.o(STACK)



==============================================================================

Memory Map of the image

  Image Entry point : 0x08000189

  Load Region LR_IROM1 (Base: 0x08000000, Size: 0x000041ec, Max: 0x00010000, ABSOLUTE)

    Execution Region ER_IROM1 (Exec base: 0x08000000, Load base: 0x08000000, Size: 0x0000417c, Max: 0x00010000, ABSOLUTE)

    Exec Addr    Load Addr    Size         Type   Attr      Idx    E Section Name        Object

    0x08000000   0x08000000   0x00000188   Data   RO            3    RESET               startup_stm32f334x8.o
    0x08000188   0x08000188   0x00000000   Code   RO         4789  * .ARM.Collect$$$$00000000  mc_w.l(entry.o)
    0x08000188   0x08000188   0x00000004   Code   RO         4808    .ARM.Collect$$$$00000001  mc_w.l(entry2.o)
    0x0800018c   0x0800018c   0x00000004   Code   RO         4811    .ARM.Collect$$$$00000004  mc_w.l(entry5.o)
    0x08000190   0x08000190   0x00000000   Code   RO         4813    .ARM.Collect$$$$00000008  mc_w.l(entry7b.o)
    0x08000190   0x08000190   0x00000000   Code   RO         4815    .ARM.Collect$$$$0000000A  mc_w.l(entry8b.o)
    0x08000190   0x08000190   0x00000008   Code   RO         4816    .ARM.Collect$$$$0000000B  mc_w.l(entry9a.o)
    0x08000198   0x08000198   0x00000004   Code   RO         4823    .ARM.Collect$$$$0000000E  mc_w.l(entry12b.o)
    0x0800019c   0x0800019c   0x00000000   Code   RO         4818    .ARM.Collect$$$$0000000F  mc_w.l(entry10a.o)
    0x0800019c   0x0800019c   0x00000000   Code   RO         4820    .ARM.Collect$$$$00000011  mc_w.l(entry11a.o)
    0x0800019c   0x0800019c   0x00000004   Code   RO         4809    .ARM.Collect$$$$00002712  mc_w.l(entry2.o)
    0x080001a0   0x080001a0   0x00000024   Code   RO            4    .text               startup_stm32f334x8.o
    0x080001c4   0x080001c4   0x00000062   Code   RO         4792    .text               mc_w.l(uldiv.o)
    0x08000226   0x08000226   0x00000020   Code   RO         4794    .text               mc_w.l(llushr.o)
    0x08000246   0x08000246   0x00000024   Code   RO         4796    .text               mc_w.l(memseta.o)
    0x0800026a   0x0800026a   0x0000014e   Code   RO         4798    .text               mf_w.l(dadd.o)
    0x080003b8   0x080003b8   0x000000e4   Code   RO         4800    .text               mf_w.l(dmul.o)
    0x0800049c   0x0800049c   0x0000001a   Code   RO         4802    .text               mf_w.l(dfltui.o)
    0x080004b6   0x080004b6   0x00000026   Code   RO         4804    .text               mf_w.l(f2d.o)
    0x080004dc   0x080004dc   0x00000038   Code   RO         4806    .text               mf_w.l(d2f.o)
    0x08000514   0x08000514   0x0000001e   Code   RO         4824    .text               mc_w.l(llshl.o)
    0x08000532   0x08000532   0x00000024   Code   RO         4826    .text               mc_w.l(llsshr.o)
    0x08000556   0x08000556   0x00000000   Code   RO         4828    .text               mc_w.l(iusefp.o)
    0x08000556   0x08000556   0x0000006e   Code   RO         4829    .text               mf_w.l(fepilogue.o)
    0x080005c4   0x080005c4   0x000000ba   Code   RO         4831    .text               mf_w.l(depilogue.o)
    0x0800067e   0x0800067e   0x00000002   PAD
    0x08000680   0x08000680   0x00000024   Code   RO         4833    .text               mc_w.l(init.o)
    0x080006a4   0x080006a4   0x00000044   Code   RO          758    i.ADC_DMAConvCplt   stm32f3xx_hal_adc_ex.o
    0x080006e8   0x080006e8   0x00000016   Code   RO          759    i.ADC_DMAError      stm32f3xx_hal_adc_ex.o
    0x080006fe   0x080006fe   0x00000006   Code   RO          760    i.ADC_DMAHalfConvCplt  stm32f3xx_hal_adc_ex.o
    0x08000704   0x08000704   0x0000006a   Code   RO          761    i.ADC_Disable       stm32f3xx_hal_adc_ex.o
    0x0800076e   0x0800076e   0x00000002   PAD
    0x08000770   0x08000770   0x0000006c   Code   RO          762    i.ADC_Enable        stm32f3xx_hal_adc_ex.o
    0x080007dc   0x080007dc   0x00000002   Code   RO          477    i.BusFault_Handler  stm32f3xx_it.o
    0x080007de   0x080007de   0x00000002   PAD
    0x080007e0   0x080007e0   0x00000028   Code   RO          170    i.CUST_UART_IdleCallback  serial.o
    0x08000808   0x08000808   0x0000000c   Code   RO          478    i.DMA1_Channel1_IRQHandler  stm32f3xx_it.o
    0x08000814   0x08000814   0x0000000c   Code   RO          479    i.DMA1_Channel6_IRQHandler  stm32f3xx_it.o
    0x08000820   0x08000820   0x0000000c   Code   RO          480    i.DMA1_Channel7_IRQHandler  stm32f3xx_it.o
    0x0800082c   0x0800082c   0x00000020   Code   RO         1407    i.DMA_CalcBaseAndBitshift  stm32f3xx_hal_dma.o
    0x0800084c   0x0800084c   0x0000002a   Code   RO         1408    i.DMA_SetConfig     stm32f3xx_hal_dma.o
    0x08000876   0x08000876   0x00000002   Code   RO          481    i.DebugMon_Handler  stm32f3xx_it.o
    0x08000878   0x08000878   0x00000004   Code   RO          205    i.Error_Handler     main.o
    0x0800087c   0x0800087c   0x0000009e   Code   RO          765    i.HAL_ADCEx_Calibration_Start  stm32f3xx_hal_adc_ex.o
    0x0800091a   0x0800091a   0x00000002   PAD
    0x0800091c   0x0800091c   0x000000e0   Code   RO          777    i.HAL_ADCEx_MultiModeConfigChannel  stm32f3xx_hal_adc_ex.o
    0x080009fc   0x080009fc   0x00000350   Code   RO          786    i.HAL_ADC_ConfigChannel  stm32f3xx_hal_adc_ex.o
    0x08000d4c   0x08000d4c   0x00000002   Code   RO          609    i.HAL_ADC_ConvCpltCallback  stm32f3xx_hal_adc.o
    0x08000d4e   0x08000d4e   0x00000002   Code   RO          610    i.HAL_ADC_ConvHalfCpltCallback  stm32f3xx_hal_adc.o
    0x08000d50   0x08000d50   0x00000002   Code   RO          612    i.HAL_ADC_ErrorCallback  stm32f3xx_hal_adc.o
    0x08000d52   0x08000d52   0x00000002   PAD
    0x08000d54   0x08000d54   0x000001e4   Code   RO          790    i.HAL_ADC_Init      stm32f3xx_hal_adc_ex.o
    0x08000f38   0x08000f38   0x0000008c   Code   RO          280    i.HAL_ADC_MspInit   adc.o
    0x08000fc4   0x08000fc4   0x00000108   Code   RO          794    i.HAL_ADC_Start_DMA  stm32f3xx_hal_adc_ex.o
    0x080010cc   0x080010cc   0x00000048   Code   RO         1409    i.HAL_DMA_Abort     stm32f3xx_hal_dma.o
    0x08001114   0x08001114   0x0000004a   Code   RO         1410    i.HAL_DMA_Abort_IT  stm32f3xx_hal_dma.o
    0x0800115e   0x0800115e   0x000000a8   Code   RO         1414    i.HAL_DMA_IRQHandler  stm32f3xx_hal_dma.o
    0x08001206   0x08001206   0x0000004e   Code   RO         1415    i.HAL_DMA_Init      stm32f3xx_hal_dma.o
    0x08001254   0x08001254   0x00000070   Code   RO         1419    i.HAL_DMA_Start_IT  stm32f3xx_hal_dma.o
    0x080012c4   0x080012c4   0x00000024   Code   RO         1028    i.HAL_Delay         stm32f3xx_hal.o
    0x080012e8   0x080012e8   0x00000220   Code   RO         1344    i.HAL_GPIO_Init     stm32f3xx_hal_gpio.o
    0x08001508   0x08001508   0x0000000a   Code   RO         1348    i.HAL_GPIO_WritePin  stm32f3xx_hal_gpio.o
    0x08001512   0x08001512   0x00000002   PAD
    0x08001514   0x08001514   0x0000000c   Code   RO         1032    i.HAL_GetTick       stm32f3xx_hal.o
    0x08001520   0x08001520   0x00000062   Code   RO         2566    i.HAL_HRTIM_DLLCalibrationStart  stm32f3xx_hal_hrtim.o
    0x08001582   0x08001582   0x00000002   PAD
    0x08001584   0x08001584   0x0000008c   Code   RO         2569    i.HAL_HRTIM_DeadTimeConfig  stm32f3xx_hal_hrtim.o
    0x08001610   0x08001610   0x000000bc   Code   RO         2589    i.HAL_HRTIM_Init    stm32f3xx_hal_hrtim.o
    0x080016cc   0x080016cc   0x00000028   Code   RO          346    i.HAL_HRTIM_MspInit  hrtim.o
    0x080016f4   0x080016f4   0x00000054   Code   RO          347    i.HAL_HRTIM_MspPostInit  hrtim.o
    0x08001748   0x08001748   0x00000042   Code   RO         2596    i.HAL_HRTIM_PollForDLLCalibration  stm32f3xx_hal_hrtim.o
    0x0800178a   0x0800178a   0x0000007a   Code   RO         2636    i.HAL_HRTIM_TimeBaseConfig  stm32f3xx_hal_hrtim.o
    0x08001804   0x08001804   0x00000134   Code   RO         2641    i.HAL_HRTIM_WaveformCompareConfig  stm32f3xx_hal_hrtim.o
    0x08001938   0x08001938   0x0000002c   Code   RO         2642    i.HAL_HRTIM_WaveformCountStart  stm32f3xx_hal_hrtim.o
    0x08001964   0x08001964   0x00000036   Code   RO         2650    i.HAL_HRTIM_WaveformOutputConfig  stm32f3xx_hal_hrtim.o
    0x0800199a   0x0800199a   0x00000030   Code   RO         2651    i.HAL_HRTIM_WaveformOutputStart  stm32f3xx_hal_hrtim.o
    0x080019ca   0x080019ca   0x000000ba   Code   RO         2654    i.HAL_HRTIM_WaveformTimerConfig  stm32f3xx_hal_hrtim.o
    0x08001a84   0x08001a84   0x00000010   Code   RO         1038    i.HAL_IncTick       stm32f3xx_hal.o
    0x08001a94   0x08001a94   0x00000024   Code   RO         1039    i.HAL_Init          stm32f3xx_hal.o
    0x08001ab8   0x08001ab8   0x00000040   Code   RO         1040    i.HAL_InitTick      stm32f3xx_hal.o
    0x08001af8   0x08001af8   0x0000002c   Code   RO          583    i.HAL_MspInit       stm32f3xx_hal_msp.o
    0x08001b24   0x08001b24   0x0000001a   Code   RO         1509    i.HAL_NVIC_EnableIRQ  stm32f3xx_hal_cortex.o
    0x08001b3e   0x08001b3e   0x00000002   PAD
    0x08001b40   0x08001b40   0x00000040   Code   RO         1515    i.HAL_NVIC_SetPriority  stm32f3xx_hal_cortex.o
    0x08001b80   0x08001b80   0x00000024   Code   RO         1516    i.HAL_NVIC_SetPriorityGrouping  stm32f3xx_hal_cortex.o
    0x08001ba4   0x08001ba4   0x00000188   Code   RO         1301    i.HAL_RCCEx_PeriphCLKConfig  stm32f3xx_hal_rcc_ex.o
    0x08001d2c   0x08001d2c   0x00000148   Code   RO         1196    i.HAL_RCC_ClockConfig  stm32f3xx_hal_rcc.o
    0x08001e74   0x08001e74   0x00000030   Code   RO         1203    i.HAL_RCC_GetPCLK1Freq  stm32f3xx_hal_rcc.o
    0x08001ea4   0x08001ea4   0x00000030   Code   RO         1204    i.HAL_RCC_GetPCLK2Freq  stm32f3xx_hal_rcc.o
    0x08001ed4   0x08001ed4   0x00000050   Code   RO         1205    i.HAL_RCC_GetSysClockFreq  stm32f3xx_hal_rcc.o
    0x08001f24   0x08001f24   0x000005c8   Code   RO         1208    i.HAL_RCC_OscConfig  stm32f3xx_hal_rcc.o
    0x080024ec   0x080024ec   0x00000028   Code   RO         1520    i.HAL_SYSTICK_Config  stm32f3xx_hal_cortex.o
    0x08002514   0x08002514   0x00000002   Code   RO         4005    i.HAL_TIMEx_Break2Callback  stm32f3xx_hal_tim_ex.o
    0x08002516   0x08002516   0x00000002   Code   RO         4006    i.HAL_TIMEx_BreakCallback  stm32f3xx_hal_tim_ex.o
    0x08002518   0x08002518   0x00000002   Code   RO         4007    i.HAL_TIMEx_CommutCallback  stm32f3xx_hal_tim_ex.o
    0x0800251a   0x0800251a   0x00000002   PAD
    0x0800251c   0x0800251c   0x00000074   Code   RO         4026    i.HAL_TIMEx_MasterConfigSynchronization  stm32f3xx_hal_tim_ex.o
    0x08002590   0x08002590   0x00000062   Code   RO         3291    i.HAL_TIM_Base_Init  stm32f3xx_hal_tim.o
    0x080025f2   0x080025f2   0x00000002   PAD
    0x080025f4   0x080025f4   0x0000003c   Code   RO          394    i.HAL_TIM_Base_MspInit  tim.o
    0x08002630   0x08002630   0x000000e0   Code   RO         3300    i.HAL_TIM_ConfigClockSource  stm32f3xx_hal_tim.o
    0x08002710   0x08002710   0x00000002   Code   RO         3325    i.HAL_TIM_IC_CaptureCallback  stm32f3xx_hal_tim.o
    0x08002712   0x08002712   0x00000146   Code   RO         3339    i.HAL_TIM_IRQHandler  stm32f3xx_hal_tim.o
    0x08002858   0x08002858   0x00000002   Code   RO         3342    i.HAL_TIM_OC_DelayElapsedCallback  stm32f3xx_hal_tim.o
    0x0800285a   0x0800285a   0x00000002   Code   RO         3369    i.HAL_TIM_PWM_PulseFinishedCallback  stm32f3xx_hal_tim.o
    0x0800285c   0x0800285c   0x00000418   Code   RO          206    i.HAL_TIM_PeriodElapsedCallback  main.o
    0x08002c74   0x08002c74   0x00000002   Code   RO         3382    i.HAL_TIM_TriggerCallback  stm32f3xx_hal_tim.o
    0x08002c76   0x08002c76   0x0000004a   Code   RO         4682    i.HAL_UARTEx_ReceiveToIdle_DMA  stm32f3xx_hal_uart_ex.o
    0x08002cc0   0x08002cc0   0x00000002   Code   RO         4293    i.HAL_UARTEx_RxEventCallback  stm32f3xx_hal_uart.o
    0x08002cc2   0x08002cc2   0x00000002   Code   RO         4685    i.HAL_UARTEx_WakeupCallback  stm32f3xx_hal_uart_ex.o
    0x08002cc4   0x08002cc4   0x00000002   Code   RO         4309    i.HAL_UART_ErrorCallback  stm32f3xx_hal_uart.o
    0x08002cc6   0x08002cc6   0x00000002   PAD
    0x08002cc8   0x08002cc8   0x000002b8   Code   RO         4312    i.HAL_UART_IRQHandler  stm32f3xx_hal_uart.o
    0x08002f80   0x08002f80   0x00000066   Code   RO         4313    i.HAL_UART_Init     stm32f3xx_hal_uart.o
    0x08002fe6   0x08002fe6   0x00000002   PAD
    0x08002fe8   0x08002fe8   0x000000dc   Code   RO          436    i.HAL_UART_MspInit  usart.o
    0x080030c4   0x080030c4   0x00000002   Code   RO         4320    i.HAL_UART_RxCpltCallback  stm32f3xx_hal_uart.o
    0x080030c6   0x080030c6   0x00000002   Code   RO         4321    i.HAL_UART_RxHalfCpltCallback  stm32f3xx_hal_uart.o
    0x080030c8   0x080030c8   0x0000008c   Code   RO         4323    i.HAL_UART_Transmit_DMA  stm32f3xx_hal_uart.o
    0x08003154   0x08003154   0x00000002   Code   RO         4325    i.HAL_UART_TxCpltCallback  stm32f3xx_hal_uart.o
    0x08003156   0x08003156   0x00000002   Code   RO         4326    i.HAL_UART_TxHalfCpltCallback  stm32f3xx_hal_uart.o
    0x08003158   0x08003158   0x0000005a   Code   RO         2661    i.HRTIM_ForceRegistersUpdate  stm32f3xx_hal_hrtim.o
    0x080031b2   0x080031b2   0x000000ce   Code   RO         2667    i.HRTIM_OutputConfig  stm32f3xx_hal_hrtim.o
    0x08003280   0x08003280   0x00000142   Code   RO         2670    i.HRTIM_TimingUnitWaveform_Config  stm32f3xx_hal_hrtim.o
    0x080033c2   0x080033c2   0x00000002   Code   RO          482    i.HardFault_Handler  stm32f3xx_it.o
    0x080033c4   0x080033c4   0x000000b8   Code   RO          281    i.MX_ADC1_Init      adc.o
    0x0800347c   0x0800347c   0x0000004c   Code   RO          321    i.MX_DMA_Init       dma.o
    0x080034c8   0x080034c8   0x00000080   Code   RO          255    i.MX_GPIO_Init      gpio.o
    0x08003548   0x08003548   0x000001e8   Code   RO          348    i.MX_HRTIM1_Init    hrtim.o
    0x08003730   0x08003730   0x00000068   Code   RO          395    i.MX_TIM3_Init      tim.o
    0x08003798   0x08003798   0x0000003c   Code   RO          437    i.MX_USART2_UART_Init  usart.o
    0x080037d4   0x080037d4   0x00000002   Code   RO          483    i.MemManage_Handler  stm32f3xx_it.o
    0x080037d6   0x080037d6   0x00000002   Code   RO          484    i.NMI_Handler       stm32f3xx_it.o
    0x080037d8   0x080037d8   0x00000092   Code   RO           13    i.PID_Calc          pid.o
    0x0800386a   0x0800386a   0x00000002   Code   RO          485    i.PendSV_Handler    stm32f3xx_it.o
    0x0800386c   0x0800386c   0x00000002   Code   RO          486    i.SVC_Handler       stm32f3xx_it.o
    0x0800386e   0x0800386e   0x00000002   PAD
    0x08003870   0x08003870   0x00000028   Code   RO          171    i.Serial_RX         serial.o
    0x08003898   0x08003898   0x00000004   Code   RO          487    i.SysTick_Handler   stm32f3xx_it.o
    0x0800389c   0x0800389c   0x00000082   Code   RO          207    i.SystemClock_Config  main.o
    0x0800391e   0x0800391e   0x00000002   PAD
    0x08003920   0x08003920   0x00000010   Code   RO         4755    i.SystemInit        system_stm32f3xx.o
    0x08003930   0x08003930   0x0000000c   Code   RO          488    i.TIM3_IRQHandler   stm32f3xx_it.o
    0x0800393c   0x0800393c   0x00000094   Code   RO         3384    i.TIM_Base_SetConfig  stm32f3xx_hal_tim.o
    0x080039d0   0x080039d0   0x00000014   Code   RO         3395    i.TIM_ETR_SetConfig  stm32f3xx_hal_tim.o
    0x080039e4   0x080039e4   0x00000010   Code   RO         3396    i.TIM_ITRx_SetConfig  stm32f3xx_hal_tim.o
    0x080039f4   0x080039f4   0x00000022   Code   RO         3404    i.TIM_TI1_ConfigInputStage  stm32f3xx_hal_tim.o
    0x08003a16   0x08003a16   0x00000024   Code   RO         3406    i.TIM_TI2_ConfigInputStage  stm32f3xx_hal_tim.o
    0x08003a3a   0x08003a3a   0x000000c8   Code   RO         4327    i.UART_AdvFeatureConfig  stm32f3xx_hal_uart.o
    0x08003b02   0x08003b02   0x000000a8   Code   RO         4328    i.UART_CheckIdleState  stm32f3xx_hal_uart.o
    0x08003baa   0x08003baa   0x00000014   Code   RO         4329    i.UART_DMAAbortOnError  stm32f3xx_hal_uart.o
    0x08003bbe   0x08003bbe   0x0000004e   Code   RO         4330    i.UART_DMAError     stm32f3xx_hal_uart.o
    0x08003c0c   0x08003c0c   0x00000082   Code   RO         4331    i.UART_DMAReceiveCplt  stm32f3xx_hal_uart.o
    0x08003c8e   0x08003c8e   0x00000020   Code   RO         4333    i.UART_DMARxHalfCplt  stm32f3xx_hal_uart.o
    0x08003cae   0x08003cae   0x00000040   Code   RO         4335    i.UART_DMATransmitCplt  stm32f3xx_hal_uart.o
    0x08003cee   0x08003cee   0x0000000a   Code   RO         4337    i.UART_DMATxHalfCplt  stm32f3xx_hal_uart.o
    0x08003cf8   0x08003cf8   0x0000004c   Code   RO         4339    i.UART_EndRxTransfer  stm32f3xx_hal_uart.o
    0x08003d44   0x08003d44   0x00000018   Code   RO         4340    i.UART_EndTxTransfer  stm32f3xx_hal_uart.o
    0x08003d5c   0x08003d5c   0x00000140   Code   RO         4343    i.UART_SetConfig    stm32f3xx_hal_uart.o
    0x08003e9c   0x08003e9c   0x000000a0   Code   RO         4344    i.UART_Start_Receive_DMA  stm32f3xx_hal_uart.o
    0x08003f3c   0x08003f3c   0x00000094   Code   RO         4348    i.UART_WaitOnFlagUntilTimeout  stm32f3xx_hal_uart.o
    0x08003fd0   0x08003fd0   0x00000018   Code   RO          489    i.USART2_IRQHandler  stm32f3xx_it.o
    0x08003fe8   0x08003fe8   0x00000002   Code   RO          490    i.UsageFault_Handler  stm32f3xx_it.o
    0x08003fea   0x08003fea   0x00000020   Code   RO         1522    i.__NVIC_SetPriority  stm32f3xx_hal_cortex.o
    0x0800400a   0x0800400a   0x0000000e   Code   RO         4837    i.__scatterload_copy  mc_w.l(handlers.o)
    0x08004018   0x08004018   0x00000002   Code   RO         4838    i.__scatterload_null  mc_w.l(handlers.o)
    0x0800401a   0x0800401a   0x0000000e   Code   RO         4839    i.__scatterload_zeroinit  mc_w.l(handlers.o)
    0x08004028   0x08004028   0x000000fc   Code   RO          208    i.main              main.o
    0x08004124   0x08004124   0x00000020   Data   RO         1209    .constdata          stm32f3xx_hal_rcc.o
    0x08004144   0x08004144   0x00000010   Data   RO         4756    .constdata          system_stm32f3xx.o
    0x08004154   0x08004154   0x00000008   Data   RO         4757    .constdata          system_stm32f3xx.o
    0x0800415c   0x0800415c   0x00000020   Data   RO         4835    Region$$Table       anon$$obj.o


    Execution Region RW_IRAM2 (Exec base: 0x10000000, Load base: 0x080041ec, Size: 0x00000000, Max: 0x00001000, ABSOLUTE)

    **** No section assigned to this execution region ****


    Execution Region RW_IRAM1 (Exec base: 0x20000000, Load base: 0x0800417c, Size: 0x000007a0, Max: 0x00003000, ABSOLUTE)

    Exec Addr    Load Addr    Size         Type   Attr      Idx    E Section Name        Object

    0x20000000   0x0800417c   0x00000014   Data   RW          173    .data               serial.o
    0x20000014   0x08004190   0x00000006   Data   RW          174    .data               serial.o
    0x2000001a   0x08004196   0x00000002   PAD
    0x2000001c   0x08004198   0x00000044   Data   RW          210    .data               main.o
    0x20000060   0x080041dc   0x0000000c   Data   RW         1046    .data               stm32f3xx_hal.o
    0x2000006c   0x080041e8   0x00000004   Data   RW         4758    .data               system_stm32f3xx.o
    0x20000070        -       0x0000001c   Zero   RW          172    .bss                serial.o
    0x2000008c        -       0x00000048   Zero   RW          209    .bss                main.o
    0x200000d4        -       0x00000094   Zero   RW          282    .bss                adc.o
    0x20000168        -       0x000000dc   Zero   RW          349    .bss                hrtim.o
    0x20000244        -       0x0000004c   Zero   RW          396    .bss                tim.o
    0x20000290        -       0x00000110   Zero   RW          438    .bss                usart.o
    0x200003a0        -       0x00000400   Zero   RW            1    STACK               startup_stm32f334x8.o


==============================================================================

Image component sizes


      Code (inc. data)   RO Data    RW Data    ZI Data      Debug   Object Name

       324         18          0          0        148       1999   adc.o
        76          4          0          0          0        838   dma.o
       128         10          0          0          0        995   gpio.o
       612         26          0          0        220       2787   hrtim.o
      1434        180          0         68         72       4902   main.o
       146          0          0          0          0     771551   pid.o
        80         14          0         26         28       1832   serial.o
        36          8        392          0       1024        860   startup_stm32f334x8.o
       164         28          0         12          0      15373   stm32f3xx_hal.o
         6          0          0          0          0       2122   stm32f3xx_hal_adc.o
      2288         78          0          0          0      10128   stm32f3xx_hal_adc_ex.o
       198         14          0          0          0      32387   stm32f3xx_hal_cortex.o
       578         10          0          0          0       5806   stm32f3xx_hal_dma.o
       554         26          0          0          0       2348   stm32f3xx_hal_gpio.o
      1872         24          0          0          0      13807   stm32f3xx_hal_hrtim.o
        44          6          0          0          0        902   stm32f3xx_hal_msp.o
      1984         76         32          0          0       5904   stm32f3xx_hal_rcc.o
       392         14          0          0          0       1512   stm32f3xx_hal_rcc_ex.o
       910         24          0          0          0       9933   stm32f3xx_hal_tim.o
       122         12          0          0          0       3200   stm32f3xx_hal_tim_ex.o
      2380         82          0          0          0      17750   stm32f3xx_hal_uart.o
        76          0          0          0          0       1999   stm32f3xx_hal_uart_ex.o
        92         30          0          0          0       6905   stm32f3xx_it.o
        16          4         24          4          0       1199   system_stm32f3xx.o
       164         18          0          0         76       1790   tim.o
       280         30          0          0        272       1996   usart.o

    ----------------------------------------------------------------------
     14982        736        480        112       1840     920825   Object Totals
         0          0         32          0          0          0   (incl. Generated)
        26          0          0          2          0          0   (incl. Padding)

    ----------------------------------------------------------------------

      Code (inc. data)   RO Data    RW Data    ZI Data      Debug   Library Member Name

         0          0          0          0          0          0   entry.o
         0          0          0          0          0          0   entry10a.o
         0          0          0          0          0          0   entry11a.o
         4          0          0          0          0          0   entry12b.o
         8          4          0          0          0          0   entry2.o
         4          0          0          0          0          0   entry5.o
         0          0          0          0          0          0   entry7b.o
         0          0          0          0          0          0   entry8b.o
         8          4          0          0          0          0   entry9a.o
        30          0          0          0          0          0   handlers.o
        36          8          0          0          0         68   init.o
         0          0          0          0          0          0   iusefp.o
        30          0          0          0          0         68   llshl.o
        36          0          0          0          0         68   llsshr.o
        32          0          0          0          0         68   llushr.o
        36          0          0          0          0        108   memseta.o
        98          0          0          0          0         92   uldiv.o
        56          0          0          0          0         88   d2f.o
       334          0          0          0          0        148   dadd.o
       186          0          0          0          0        176   depilogue.o
        26          0          0          0          0         76   dfltui.o
       228          0          0          0          0         96   dmul.o
        38          0          0          0          0         68   f2d.o
       110          0          0          0          0        168   fepilogue.o

    ----------------------------------------------------------------------
      1302         16          0          0          0       1292   Library Totals
         2          0          0          0          0          0   (incl. Padding)

    ----------------------------------------------------------------------

      Code (inc. data)   RO Data    RW Data    ZI Data      Debug   Library Name

       322         16          0          0          0        472   mc_w.l
       978          0          0          0          0        820   mf_w.l

    ----------------------------------------------------------------------
      1302         16          0          0          0       1292   Library Totals

    ----------------------------------------------------------------------

==============================================================================


      Code (inc. data)   RO Data    RW Data    ZI Data      Debug   

     16284        752        480        112       1840     910201   Grand Totals
     16284        752        480        112       1840     910201   ELF Image Totals
     16284        752        480        112          0          0   ROM Totals

==============================================================================

    Total RO  Size (Code + RO Data)                16764 (  16.37kB)
    Total RW  Size (RW Data + ZI Data)              1952 (   1.91kB)
    Total ROM Size (Code + RO Data + RW Data)      16876 (  16.48kB)

==============================================================================

